Archive member included to satisfy reference by file (symbol)

.\CortexM3\ARM_GCC_541\Debug\lab4.a(LCD.o)
                              .\CortexM3\ARM_GCC_541\Debug\main.o (LCD_PrintString)
.\CortexM3\ARM_GCC_541\Debug\lab4.a(CyLib.o)
                              .\CortexM3\ARM_GCC_541\Debug\Cm3Start.o (CyHalt)
.\CortexM3\ARM_GCC_541\Debug\lab4.a(cyPm.o)
                              .\CortexM3\ARM_GCC_541\Debug\lab4.a(CyLib.o) (CyPmReadStatus)
.\CortexM3\ARM_GCC_541\Debug\lab4.a(PGA.o)
                              .\CortexM3\ARM_GCC_541\Debug\main.o (PGA_Start)
.\CortexM3\ARM_GCC_541\Debug\lab4.a(Opamp.o)
                              .\CortexM3\ARM_GCC_541\Debug\main.o (Opamp_Start)
.\CortexM3\ARM_GCC_541\Debug\lab4.a(ADC.o)
                              .\CortexM3\ARM_GCC_541\Debug\main.o (ADC_Start)
.\CortexM3\ARM_GCC_541\Debug\lab4.a(ADC_INT.o)
                              .\CortexM3\ARM_GCC_541\Debug\lab4.a(ADC.o) (ADC_ISR1)
.\CortexM3\ARM_GCC_541\Debug\lab4.a(ADC_Ext_CP_Clk.o)
                              .\CortexM3\ARM_GCC_541\Debug\lab4.a(ADC.o) (ADC_Ext_CP_Clk_SetModeRegister)
.\CortexM3\ARM_GCC_541\Debug\lab4.a(ADC_theACLK.o)
                              .\CortexM3\ARM_GCC_541\Debug\lab4.a(ADC.o) (ADC_theACLK_SetModeRegister)
.\CortexM3\ARM_GCC_541\Debug\lab4.a(USBUART.o)
                              .\CortexM3\ARM_GCC_541\Debug\main.o (USBUART_Start)
.\CortexM3\ARM_GCC_541\Debug\lab4.a(USBUART_cdc.o)
                              .\CortexM3\ARM_GCC_541\Debug\main.o (USBUART_PutString)
.\CortexM3\ARM_GCC_541\Debug\lab4.a(USBUART_drv.o)
                              .\CortexM3\ARM_GCC_541\Debug\lab4.a(USBUART.o) (USBUART_lastPacketSize)
.\CortexM3\ARM_GCC_541\Debug\lab4.a(USBUART_episr.o)
                              .\CortexM3\ARM_GCC_541\Debug\lab4.a(USBUART.o) (USBUART_EP_1_ISR)
.\CortexM3\ARM_GCC_541\Debug\lab4.a(USBUART_pm.o)
                              .\CortexM3\ARM_GCC_541\Debug\lab4.a(USBUART.o) (USBUART_DP_ISR)
.\CortexM3\ARM_GCC_541\Debug\lab4.a(USBUART_std.o)
                              .\CortexM3\ARM_GCC_541\Debug\lab4.a(USBUART_pm.o) (USBUART_ConfigReg)
.\CortexM3\ARM_GCC_541\Debug\lab4.a(USBUART_vnd.o)
                              .\CortexM3\ARM_GCC_541\Debug\lab4.a(USBUART_drv.o) (USBUART_HandleVendorRqst)
.\CortexM3\ARM_GCC_541\Debug\lab4.a(USBUART_Dp.o)
                              .\CortexM3\ARM_GCC_541\Debug\lab4.a(USBUART.o) (USBUART_Dp_ClearInterrupt)
.\CortexM3\ARM_GCC_541\Debug\lab4.a(VDAC.o)
                              .\CortexM3\ARM_GCC_541\Debug\main.o (VDAC_Start)
.\CortexM3\ARM_GCC_541\Debug\lab4.a(CyBootAsmGnu.o)
                              .\CortexM3\ARM_GCC_541\Debug\cyfitter_cfg.o (CyDelayCycles)
.\CortexM3\ARM_GCC_541\Debug\lab4.a(CyFlash.o)
                              .\CortexM3\ARM_GCC_541\Debug\lab4.a(cyPm.o) (CyFlash_SetWaitCycles)
.\CortexM3\ARM_GCC_541\Debug\lab4.a(CySpc.o)
                              .\CortexM3\ARM_GCC_541\Debug\lab4.a(CyFlash.o) (CySpcStart)
.\CortexM3\ARM_GCC_541\Debug\lab4.a(USBUART_cls.o)
                              .\CortexM3\ARM_GCC_541\Debug\lab4.a(USBUART_drv.o) (USBUART_DispatchClassRqst)
.\CortexM3\ARM_GCC_541\Debug\lab4.a(USBUART_descr.o)
                              .\CortexM3\ARM_GCC_541\Debug\lab4.a(USBUART_std.o) (USBUART_idSerialNumberStringDescriptor)
c:/program files (x86)/cypress/psoc creator/4.4/psoc creator/import/gnu/arm/5.4.1/bin/../lib/gcc/arm-none-eabi/5.4.1/armv7-m\libgcc.a(_arm_addsubdf3.o)
                              .\CortexM3\ARM_GCC_541\Debug\lab4.a(ADC.o) (__aeabi_f2d)
c:/program files (x86)/cypress/psoc creator/4.4/psoc creator/import/gnu/arm/5.4.1/bin/../lib/gcc/arm-none-eabi/5.4.1/armv7-m\libgcc.a(_arm_cmpdf2.o)
                              .\CortexM3\ARM_GCC_541\Debug\lab4.a(ADC.o) (__aeabi_dcmpgt)
c:/program files (x86)/cypress/psoc creator/4.4/psoc creator/import/gnu/arm/5.4.1/bin/../lib/gcc/arm-none-eabi/5.4.1/armv7-m\libgcc.a(_arm_addsubsf3.o)
                              .\CortexM3\ARM_GCC_541\Debug\lab4.a(ADC.o) (__aeabi_ui2f)
c:/program files (x86)/cypress/psoc creator/4.4/psoc creator/import/gnu/arm/5.4.1/bin/../lib/gcc/arm-none-eabi/5.4.1/armv7-m\libgcc.a(_arm_muldivsf3.o)
                              .\CortexM3\ARM_GCC_541\Debug\lab4.a(ADC.o) (__aeabi_fmul)
c:/program files (x86)/cypress/psoc creator/4.4/psoc creator/import/gnu/arm/5.4.1/bin/../lib/gcc/arm-none-eabi/5.4.1/armv7-m\libgcc.a(_arm_fixunssfsi.o)
                              .\CortexM3\ARM_GCC_541\Debug\lab4.a(ADC.o) (__aeabi_f2uiz)
c:/program files (x86)/cypress/psoc creator/4.4/psoc creator/import/gnu/arm/5.4.1/bin/../lib/gcc/arm-none-eabi/5.4.1/../../../../arm-none-eabi/lib/armv7-m\libg_nano.a(lib_a-errno.o)
                              .\CortexM3\ARM_GCC_541\Debug\Cm3Start.o (__errno)
c:/program files (x86)/cypress/psoc creator/4.4/psoc creator/import/gnu/arm/5.4.1/bin/../lib/gcc/arm-none-eabi/5.4.1/../../../../arm-none-eabi/lib/armv7-m\libg_nano.a(lib_a-exit.o)
[...]
Memory Configuration

Name             Origin             Length             Attributes
rom              0x00000000         0x00040000         xr
ram              0x1fff8000         0x00010000         xrw
*default*        0x00000000         0xffffffff

Linker script and memory map

LOAD c:/program files (x86)/cypress/psoc creator/4.4/psoc creator/import/gnu/arm/5.4.1/bin/../lib/gcc/arm-none-eabi/5.4.1/armv7-m/crti.o
LOAD c:/program files (x86)/cypress/psoc creator/4.4/psoc creator/import/gnu/arm/5.4.1/bin/../lib/gcc/arm-none-eabi/5.4.1/armv7-m/crtbegin.o
LOAD c:/program files (x86)/cypress/psoc creator/4.4/psoc creator/import/gnu/arm/5.4.1/bin/../lib/gcc/arm-none-eabi/5.4.1/../../../../arm-none-eabi/lib/armv7-m/crt0.o
START GROUP
LOAD .\CortexM3\ARM_GCC_541\Debug\main.o
LOAD .\CortexM3\ARM_GCC_541\Debug\cyfitter_cfg.o
LOAD .\CortexM3\ARM_GCC_541\Debug\cymetadata.o
LOAD .\CortexM3\ARM_GCC_541\Debug\Cm3Start.o
LOAD .\CortexM3\ARM_GCC_541\Debug\lab4.a
LOAD C:\Program Files (x86)\Cypress\PSoC Creator\4.4\PSoC Creator\psoc\content\cycomponentlibrary\CyComponentLibrary.cylib\CortexM3\ARM_GCC_541\Debug\CyComponentLibrary.a
END GROUP
START GROUP
LOAD c:/program files (x86)/cypress/psoc creator/4.4/psoc creator/import/gnu/arm/5.4.1/bin/../lib/gcc/arm-none-eabi/5.4.1/armv7-m\libgcc.a
LOAD c:/program files (x86)/cypress/psoc creator/4.4/psoc creator/import/gnu/arm/5.4.1/bin/../lib/gcc/arm-none-eabi/5.4.1/../../../../arm-none-eabi/lib/armv7-m\libg_nano.a
LOAD c:/program files (x86)/cypress/psoc creator/4.4/psoc creator/import/gnu/arm/5.4.1/bin/../lib/gcc/arm-none-eabi/5.4.1/../../../../arm-none-eabi/lib/armv7-m\libc_nano.a
END GROUP
START GROUP
LOAD c:/program files (x86)/cypress/psoc creator/4.4/psoc creator/import/gnu/arm/5.4.1/bin/../lib/gcc/arm-none-eabi/5.4.1/armv7-m\libgcc.a
LOAD c:/program files (x86)/cypress/psoc creator/4.4/psoc creator/import/gnu/arm/5.4.1/bin/../lib/gcc/arm-none-eabi/5.4.1/../../../../arm-none-eabi/lib/armv7-m\libc_nano.a
END GROUP
LOAD c:/program files (x86)/cypress/psoc creator/4.4/psoc creator/import/gnu/arm/5.4.1/bin/../lib/gcc/arm-none-eabi/5.4.1/armv7-m/crtend.o
LOAD c:/program files (x86)/cypress/psoc creator/4.4/psoc creator/import/gnu/arm/5.4.1/bin/../lib/gcc/arm-none-eabi/5.4.1/armv7-m/crtn.o
START GROUP
LOAD c:/program files (x86)/cypress/psoc creator/4.4/psoc creator/import/gnu/arm/5.4.1/bin/../lib/gcc/arm-none-eabi/5.4.1/armv7-m\libgcc.a
LOAD c:/program files (x86)/cypress/psoc creator/4.4/psoc creator/import/gnu/arm/5.4.1/bin/../lib/gcc/arm-none-eabi/5.4.1/../../../../arm-none-eabi/lib/armv7-m\libc.a
LOAD c:/program files (x86)/cypress/psoc creator/4.4/psoc creator/import/gnu/arm/5.4.1/bin/../lib/gcc/arm-none-eabi/5.4.1/../../../../arm-none-eabi/lib/armv7-m\libnosys.a
END GROUP
                0x00000000                CY_APPL_ORIGIN = 0x0
                0x00000100                CY_FLASH_ROW_SIZE = 0x100
                0x00000020                CY_ECC_ROW_SIZE = 0x20
                0x00000000                CY_EE_IN_BTLDR = 0x0
                0x00000000                CY_APPL_LOADABLE = 0x0
                0x00000800                CY_EE_SIZE = 0x800
                0x00000001                CY_APPL_NUM = 0x1
                0x00000001                CY_APPL_MAX = 0x1
                0x00000040                CY_METADATA_SIZE = 0x40
                0x00000000                CY_APPL_LOADABLE = 0x0
                0x00000000                CY_CHECKSUM_EXCLUDE_SIZE = ALIGN (0x0, CY_FLASH_ROW_SIZE)
                [!provide]                PROVIDE (__cy_heap_start, _end)
                0x00000001                PROVIDE (__cy_region_num, ((__cy_regions_end - __cy_regions) / 0x10))
                0x20008000                PROVIDE (__cy_stack, (ORIGIN (ram) + LENGTH (ram)))
                [!provide]                PROVIDE (__cy_heap_end, (__cy_stack - 0x800))

.cybootloader   0x00000000        0x0
 *(.cybootloader)
                0x00000000                appl1_start = CY_APPL_ORIGIN?CY_APPL_ORIGIN:ALIGN (CY_FLASH_ROW_SIZE)
                0x0001ff00                appl2_start = (appl1_start + ALIGN ((((LENGTH (rom) - appl1_start) - (0x2 * CY_FLASH_ROW_SIZE)) / 0x2), CY_FLASH_ROW_SIZE))
                0x00000000                appl_start = (CY_APPL_NUM == 0x1)?appl1_start:appl2_start
                0x00000000                ecc_offset = ((appl_start / CY_FLASH_ROW_SIZE) * CY_ECC_ROW_SIZE)
                0x00000000                ee_offset = (CY_APPL_LOADABLE && ! (CY_EE_IN_BTLDR))?((CY_EE_SIZE / CY_APPL_MAX) * (CY_APPL_NUM - 0x1)):0x0
                0x00000800                ee_size = (CY_APPL_LOADABLE && ! (CY_EE_IN_BTLDR))?(CY_EE_SIZE / CY_APPL_MAX):CY_EE_SIZE
                [!provide]                PROVIDE (CY_ECC_OFFSET, ecc_offset)

.text           0x00000000     0x3ae0
 CREATE_OBJECT_SYMBOLS
                0x00000000                PROVIDE (__cy_interrupt_vector, RomVectors)
 *(.romvectors)
 .romvectors    0x00000000       0x10 .\CortexM3\ARM_GCC_541\Debug\Cm3Start.o
                0x00000000                RomVectors
                0x00000001                ASSERT ((. != __cy_interrupt_vector), No interrupt vector)
                0x00000001                ASSERT (CY_APPL_ORIGIN?(SIZEOF (.cybootloader) <= CY_APPL_ORIGIN):0x1, Wrong image location)
                0x00000010                PROVIDE (__cy_reset, Reset)
 *(.text.Reset)
 .text.Reset    0x00000010       0x18 .\CortexM3\ARM_GCC_541\Debug\Cm3Start.o
                0x00000010                Reset
                0x00000001                ASSERT ((. != __cy_reset), No reset code)
 *(.dma_init)
                0x00000001                ASSERT ((((appl_start + .) <= 0x10000) || 0x1), DMA Init must be within the first 64k of flash)
 *(.text .text.* .gnu.linkonce.t.*)
 .text          0x00000028       0x5c c:/program files (x86)/cypress/psoc creator/4.4/psoc creator/import/gnu/arm/5.4.1/bin/../lib/gcc/arm-none-eabi/5.4.1/armv7-m/crtbegin.o
 .text.main     0x00000084       0xcc .\CortexM3\ARM_GCC_541\Debug\main.o
                0x00000084                main
 .text.CyClockStartupError
                0x00000150        0x4 .\CortexM3\ARM_GCC_541\Debug\cyfitter_cfg.o
 .text.cfg_write_bytes32
                0x00000154       0x34 .\CortexM3\ARM_GCC_541\Debug\cyfitter_cfg.o
 .text.AnalogSetDefault
                0x00000188       0x68 .\CortexM3\ARM_GCC_541\Debug\cyfitter_cfg.o
 .text.CYMEMZERO
                0x000001f0        0xc .\CortexM3\ARM_GCC_541\Debug\cyfitter_cfg.o
 .text.CYCONFIGCPY
                0x000001fc        0x8 .\CortexM3\ARM_GCC_541\Debug\cyfitter_cfg.o
 .text.ClockSetup
                0x00000204       0xf0 .\CortexM3\ARM_GCC_541\Debug\cyfitter_cfg.o
 .text.cyfitter_cfg
                0x000002f4      0x158 .\CortexM3\ARM_GCC_541\Debug\cyfitter_cfg.o
                0x000002f4                cyfitter_cfg
 .text.IntDefaultHandler
                0x0000044c       0x10 .\CortexM3\ARM_GCC_541\Debug\Cm3Start.o
                0x0000044c                IntDefaultHandler
 .text._sbrk    0x0000045c       0x30 .\CortexM3\ARM_GCC_541\Debug\Cm3Start.o
                0x0000045c                _sbrk
 .text.Start_c  0x0000048c       0x4c .\CortexM3\ARM_GCC_541\Debug\Cm3Start.o
                0x0000048c                Start_c
 .text.initialize_psoc
                0x000004d8       0x68 .\CortexM3\ARM_GCC_541\Debug\Cm3Start.o
                0x000004d8                initialize_psoc
 .text.LCD_WrCntrlNib
                0x00000540       0x34 .\CortexM3\ARM_GCC_541\Debug\lab4.a(LCD.o)
 .text.LCD_WrDatNib
                0x00000574       0x44 .\CortexM3\ARM_GCC_541\Debug\lab4.a(LCD.o)
 .text.LCD_IsReady
                0x000005b8       0xe4 .\CortexM3\ARM_GCC_541\Debug\lab4.a(LCD.o)
                0x000005b8                LCD_IsReady
 .text.LCD_WriteData
                0x0000069c       0x18 .\CortexM3\ARM_GCC_541\Debug\lab4.a(LCD.o)
                0x0000069c                LCD_WriteData
 .text.LCD_PrintString
                0x000006b4       0x1c .\CortexM3\ARM_GCC_541\Debug\lab4.a(LCD.o)
                0x000006b4                LCD_PrintString
 .text.LCD_WriteControl
                0x000006d0       0x18 .\CortexM3\ARM_GCC_541\Debug\lab4.a(LCD.o)
                0x000006d0                LCD_WriteControl
 .text.LCD_Init
                0x000006e8       0x6c .\CortexM3\ARM_GCC_541\Debug\lab4.a(LCD.o)
                0x000006e8                LCD_Init
 .text.LCD_Enable
                0x00000754       0x14 .\CortexM3\ARM_GCC_541\Debug\lab4.a(LCD.o)
                0x00000754                LCD_Enable
 .text.LCD_Start
                0x00000768       0x1c .\CortexM3\ARM_GCC_541\Debug\lab4.a(LCD.o)
                0x00000768                LCD_Start
 .text.LCD_Position
                0x00000784       0x3c .\CortexM3\ARM_GCC_541\Debug\lab4.a(LCD.o)
                0x00000784                LCD_Position
 .text.LCD_PrintU32Number
                0x000007c0       0x64 .\CortexM3\ARM_GCC_541\Debug\lab4.a(LCD.o)
                0x000007c0                LCD_PrintU32Number
 .text.CyHalt   0x00000824        0x4 .\CortexM3\ARM_GCC_541\Debug\lab4.a(CyLib.o)
                0x00000824                CyHalt
 .text.CyDelay  0x00000828       0x2c .\CortexM3\ARM_GCC_541\Debug\lab4.a(CyLib.o)
                0x00000828                CyDelay
 .text.CyDelayUs
                0x00000854       0x14 .\CortexM3\ARM_GCC_541\Debug\lab4.a(CyLib.o)
                0x00000854                CyDelayUs
 .text.CyIntSetVector
                0x00000868       0x28 .\CortexM3\ARM_GCC_541\Debug\lab4.a(CyLib.o)
                0x00000868                CyIntSetVector
 .text.CyIntSetPriority
                0x00000890       0x30 .\CortexM3\ARM_GCC_541\Debug\lab4.a(CyLib.o)
                0x00000890                CyIntSetPriority
 .text.CyGetUniqueId
                0x000008c0       0x70 .\CortexM3\ARM_GCC_541\Debug\lab4.a(CyLib.o)
                0x000008c0                CyGetUniqueId
 .text.PGA_Enable
                0x00000930       0x28 .\CortexM3\ARM_GCC_541\Debug\lab4.a(PGA.o)
                0x00000930                PGA_Enable
 .text.PGA_SetPower
                0x00000958       0x18 .\CortexM3\ARM_GCC_541\Debug\lab4.a(PGA.o)
                0x00000958                PGA_SetPower
 .text.PGA_SetGain
                0x00000970       0x78 .\CortexM3\ARM_GCC_541\Debug\lab4.a(PGA.o)
                0x00000970                PGA_SetGain
 .text.PGA_Init
                0x000009e8       0x34 .\CortexM3\ARM_GCC_541\Debug\lab4.a(PGA.o)
                0x000009e8                PGA_Init
 .text.PGA_Start
                0x00000a1c       0x1c .\CortexM3\ARM_GCC_541\Debug\lab4.a(PGA.o)
                0x00000a1c                PGA_Start
 .text.Opamp_Enable
                0x00000a38       0x28 .\CortexM3\ARM_GCC_541\Debug\lab4.a(Opamp.o)
                0x00000a38                Opamp_Enable
 .text.Opamp_SetPower
                0x00000a60       0x1c .\CortexM3\ARM_GCC_541\Debug\lab4.a(Opamp.o)
                0x00000a60                Opamp_SetPower
 .text.Opamp_Init
                0x00000a7c        0xc .\CortexM3\ARM_GCC_541\Debug\lab4.a(Opamp.o)
                0x00000a7c                Opamp_Init
 .text.Opamp_Start
                0x00000a88       0x1c .\CortexM3\ARM_GCC_541\Debug\lab4.a(Opamp.o)
                0x00000a88                Opamp_Start
 .text.ADC_GainCompensation
                0x00000aa4       0xe0 .\CortexM3\ARM_GCC_541\Debug\lab4.a(ADC.o)
 .text.ADC_SetDSMRef0Reg
                0x00000b84       0x4c .\CortexM3\ARM_GCC_541\Debug\lab4.a(ADC.o)
 .text.ADC_InitConfig
                0x00000bd0      0x31c .\CortexM3\ARM_GCC_541\Debug\lab4.a(ADC.o)
 .text.ADC_Init
                0x00000eec      0x108 .\CortexM3\ARM_GCC_541\Debug\lab4.a(ADC.o)
                0x00000eec                ADC_Init
 .text.ADC_Enable
                0x00000ff4       0xd8 .\CortexM3\ARM_GCC_541\Debug\lab4.a(ADC.o)
                0x00000ff4                ADC_Enable
 .text.ADC_Start
                0x000010cc       0x28 .\CortexM3\ARM_GCC_541\Debug\lab4.a(ADC.o)
                0x000010cc                ADC_Start
 .text.ADC_StartConvert
                0x000010f4       0x10 .\CortexM3\ARM_GCC_541\Debug\lab4.a(ADC.o)
                0x000010f4                ADC_StartConvert
 .text.ADC_IsEndConversion
                0x00001104       0x30 .\CortexM3\ARM_GCC_541\Debug\lab4.a(ADC.o)
                0x00001104                ADC_IsEndConversion
 .text.ADC_GetResult16
                0x00001134       0x50 .\CortexM3\ARM_GCC_541\Debug\lab4.a(ADC.o)
                0x00001134                ADC_GetResult16
 .text.ADC_CountsTo_mVolts
                0x00001184       0x24 .\CortexM3\ARM_GCC_541\Debug\lab4.a(ADC.o)
                0x00001184                ADC_CountsTo_mVolts
 .text.ADC_ISR1
                0x000011a8        0x4 .\CortexM3\ARM_GCC_541\Debug\lab4.a(ADC_INT.o)
                0x000011a8                ADC_ISR1
 .text.ADC_ISR2
                0x000011ac        0x4 .\CortexM3\ARM_GCC_541\Debug\lab4.a(ADC_INT.o)
                0x000011ac                ADC_ISR2
 .text.ADC_ISR3
                0x000011b0        0x4 .\CortexM3\ARM_GCC_541\Debug\lab4.a(ADC_INT.o)
                0x000011b0                ADC_ISR3
 .text.ADC_ISR4
                0x000011b4        0x4 .\CortexM3\ARM_GCC_541\Debug\lab4.a(ADC_INT.o)
                0x000011b4                ADC_ISR4
 .text.ADC_Ext_CP_Clk_GetDividerRegister
                0x000011b8        0xc .\CortexM3\ARM_GCC_541\Debug\lab4.a(ADC_Ext_CP_Clk.o)
                0x000011b8                ADC_Ext_CP_Clk_GetDividerRegister
 .text.ADC_Ext_CP_Clk_SetModeRegister
                0x000011c4       0x14 .\CortexM3\ARM_GCC_541\Debug\lab4.a(ADC_Ext_CP_Clk.o)
                0x000011c4                ADC_Ext_CP_Clk_SetModeRegister
 .text.ADC_Ext_CP_Clk_GetSourceRegister
                0x000011d8       0x10 .\CortexM3\ARM_GCC_541\Debug\lab4.a(ADC_Ext_CP_Clk.o)
                0x000011d8                ADC_Ext_CP_Clk_GetSourceRegister
 .text.ADC_Ext_CP_Clk_SetDividerRegister
                0x000011e8       0xd8 .\CortexM3\ARM_GCC_541\Debug\lab4.a(ADC_Ext_CP_Clk.o)
                0x000011e8                ADC_Ext_CP_Clk_SetDividerRegister
 .text.ADC_theACLK_GetDividerRegister
                0x000012c0        0xc .\CortexM3\ARM_GCC_541\Debug\lab4.a(ADC_theACLK.o)
                0x000012c0                ADC_theACLK_GetDividerRegister
 .text.ADC_theACLK_SetModeRegister
                0x000012cc       0x14 .\CortexM3\ARM_GCC_541\Debug\lab4.a(ADC_theACLK.o)
                0x000012cc                ADC_theACLK_SetModeRegister
 .text.ADC_theACLK_GetSourceRegister
                0x000012e0       0x10 .\CortexM3\ARM_GCC_541\Debug\lab4.a(ADC_theACLK.o)
                0x000012e0                ADC_theACLK_GetSourceRegister
 .text.ADC_theACLK_SetDividerRegister
                0x000012f0       0xd8 .\CortexM3\ARM_GCC_541\Debug\lab4.a(ADC_theACLK.o)
                0x000012f0                ADC_theACLK_SetDividerRegister
 .text.USBUART_Init
                0x000013c8      0x140 .\CortexM3\ARM_GCC_541\Debug\lab4.a(USBUART.o)
                0x000013c8                USBUART_Init
 .text.USBUART_InitComponent
                0x00001508       0xb8 .\CortexM3\ARM_GCC_541\Debug\lab4.a(USBUART.o)
                0x00001508                USBUART_InitComponent
 .text.USBUART_Start
                0x000015c0       0x24 .\CortexM3\ARM_GCC_541\Debug\lab4.a(USBUART.o)
                0x000015c0                USBUART_Start
 .text.USBUART_ReInitComponent
                0x000015e4       0x4c .\CortexM3\ARM_GCC_541\Debug\lab4.a(USBUART.o)
                0x000015e4                USBUART_ReInitComponent
 .text.USBUART_GetConfiguration
                0x00001630        0xc .\CortexM3\ARM_GCC_541\Debug\lab4.a(USBUART.o)
                0x00001630                USBUART_GetConfiguration
 .text.USBUART_LoadInEP
                0x0000163c       0x94 .\CortexM3\ARM_GCC_541\Debug\lab4.a(USBUART.o)
                0x0000163c                USBUART_LoadInEP
 .text.USBUART_StrLen
                0x000016d0       0x14 .\CortexM3\ARM_GCC_541\Debug\lab4.a(USBUART_cdc.o)
 .text.USBUART_GetInterfaceComPort
                0x000016e4       0x38 .\CortexM3\ARM_GCC_541\Debug\lab4.a(USBUART_cdc.o)
                0x000016e4                USBUART_GetInterfaceComPort
 .text.USBUART_DispatchCDCClassRqst
                0x0000171c       0x98 .\CortexM3\ARM_GCC_541\Debug\lab4.a(USBUART_cdc.o)
                0x0000171c                USBUART_DispatchCDCClassRqst
 .text.USBUART_PutString
                0x000017b4       0xa0 .\CortexM3\ARM_GCC_541\Debug\lab4.a(USBUART_cdc.o)
                0x000017b4                USBUART_PutString
 .text.USBUART_Cdc_EpInit
                0x00001854       0x50 .\CortexM3\ARM_GCC_541\Debug\lab4.a(USBUART_cdc.o)
                0x00001854                USBUART_Cdc_EpInit
 .text.USBUART_LoadEP0
                0x000018a4       0x98 .\CortexM3\ARM_GCC_541\Debug\lab4.a(USBUART_drv.o)
                0x000018a4                USBUART_LoadEP0
 .text.USBUART_InitZeroLengthControlTransfer
                0x0000193c       0x34 .\CortexM3\ARM_GCC_541\Debug\lab4.a(USBUART_drv.o)
                0x0000193c                USBUART_InitZeroLengthControlTransfer
 .text.USBUART_ControlReadDataStage
                0x00001970        0x8 .\CortexM3\ARM_GCC_541\Debug\lab4.a(USBUART_drv.o)
                0x00001970                USBUART_ControlReadDataStage
 .text.USBUART_ControlWriteDataStage
                0x00001978       0x84 .\CortexM3\ARM_GCC_541\Debug\lab4.a(USBUART_drv.o)
                0x00001978                USBUART_ControlWriteDataStage
 .text.USBUART_InitNoDataControlTransfer
                0x000019fc       0x2c .\CortexM3\ARM_GCC_541\Debug\lab4.a(USBUART_drv.o)
                0x000019fc                USBUART_InitNoDataControlTransfer
 .text.USBUART_UpdateStatusBlock
                0x00001a28       0x24 .\CortexM3\ARM_GCC_541\Debug\lab4.a(USBUART_drv.o)
                0x00001a28                USBUART_UpdateStatusBlock
 .text.USBUART_HandleSetup
                0x00001a4c       0x5c .\CortexM3\ARM_GCC_541\Debug\lab4.a(USBUART_drv.o)
                0x00001a4c                USBUART_HandleSetup
 .text.USBUART_ControlReadStatusStage
                0x00001aa8       0x38 .\CortexM3\ARM_GCC_541\Debug\lab4.a(USBUART_drv.o)
                0x00001aa8                USBUART_ControlReadStatusStage
 .text.USBUART_HandleOUT
                0x00001ae0       0x38 .\CortexM3\ARM_GCC_541\Debug\lab4.a(USBUART_drv.o)
                0x00001ae0                USBUART_HandleOUT
 .text.USBUART_ControlWriteStatusStage
                0x00001b18       0x20 .\CortexM3\ARM_GCC_541\Debug\lab4.a(USBUART_drv.o)
                0x00001b18                USBUART_ControlWriteStatusStage
 .text.USBUART_NoDataControlStatusStage
                0x00001b38       0x40 .\CortexM3\ARM_GCC_541\Debug\lab4.a(USBUART_drv.o)
                0x00001b38                USBUART_NoDataControlStatusStage
 .text.USBUART_HandleIN
                0x00001b78       0x2c .\CortexM3\ARM_GCC_541\Debug\lab4.a(USBUART_drv.o)
                0x00001b78                USBUART_HandleIN
 .text.USBUART_EP_0_ISR
                0x00001ba4       0xb8 .\CortexM3\ARM_GCC_541\Debug\lab4.a(USBUART_drv.o)
                0x00001ba4                USBUART_EP_0_ISR
 .text.USBUART_InitializeStatusBlock
                0x00001c5c       0x24 .\CortexM3\ARM_GCC_541\Debug\lab4.a(USBUART_drv.o)
                0x00001c5c                USBUART_InitializeStatusBlock
 .text.USBUART_InitControlRead
                0x00001c80       0x50 .\CortexM3\ARM_GCC_541\Debug\lab4.a(USBUART_drv.o)
                0x00001c80                USBUART_InitControlRead
 .text.USBUART_InitControlWrite
                0x00001cd0       0x48 .\CortexM3\ARM_GCC_541\Debug\lab4.a(USBUART_drv.o)
                0x00001cd0                USBUART_InitControlWrite
 .text.USBUART_EP_1_ISR
                0x00001d18       0x30 .\CortexM3\ARM_GCC_541\Debug\lab4.a(USBUART_episr.o)
                0x00001d18                USBUART_EP_1_ISR
 .text.USBUART_EP_2_ISR
                0x00001d48       0x34 .\CortexM3\ARM_GCC_541\Debug\lab4.a(USBUART_episr.o)
                0x00001d48                USBUART_EP_2_ISR
 .text.USBUART_EP_3_ISR
                0x00001d7c       0x3c .\CortexM3\ARM_GCC_541\Debug\lab4.a(USBUART_episr.o)
                0x00001d7c                USBUART_EP_3_ISR
 .text.USBUART_SOF_ISR
                0x00001db8        0x4 .\CortexM3\ARM_GCC_541\Debug\lab4.a(USBUART_episr.o)
                0x00001db8                USBUART_SOF_ISR
 .text.USBUART_BUS_RESET_ISR
                0x00001dbc        0x8 .\CortexM3\ARM_GCC_541\Debug\lab4.a(USBUART_episr.o)
                0x00001dbc                USBUART_BUS_RESET_ISR
 .text.USBUART_DP_ISR
                0x00001dc4        0x8 .\CortexM3\ARM_GCC_541\Debug\lab4.a(USBUART_pm.o)
                0x00001dc4                USBUART_DP_ISR
 .text.USBUART_ReadDieID
                0x00001dcc       0x6c .\CortexM3\ARM_GCC_541\Debug\lab4.a(USBUART_std.o)
                0x00001dcc                USBUART_ReadDieID
 .text.USBUART_ConfigReg
                0x00001e38       0xa4 .\CortexM3\ARM_GCC_541\Debug\lab4.a(USBUART_std.o)
                0x00001e38                USBUART_ConfigReg
 .text.USBUART_GetConfigTablePtr
                0x00001edc       0x28 .\CortexM3\ARM_GCC_541\Debug\lab4.a(USBUART_std.o)
                0x00001edc                USBUART_GetConfigTablePtr
 .text.USBUART_ConfigAltChanged
                0x00001f04      0x11c .\CortexM3\ARM_GCC_541\Debug\lab4.a(USBUART_std.o)
                0x00001f04                USBUART_ConfigAltChanged
 .text.USBUART_GetDeviceTablePtr
                0x00002020       0x18 .\CortexM3\ARM_GCC_541\Debug\lab4.a(USBUART_std.o)
                0x00002020                USBUART_GetDeviceTablePtr
 .text.USBUART_GetInterfaceClassTablePtr
                0x00002038       0x28 .\CortexM3\ARM_GCC_541\Debug\lab4.a(USBUART_std.o)
                0x00002038                USBUART_GetInterfaceClassTablePtr
 .text.USBUART_Config
                0x00002060      0x1ec .\CortexM3\ARM_GCC_541\Debug\lab4.a(USBUART_std.o)
                0x00002060                USBUART_Config
 .text.USBUART_SetEndpointHalt
                0x0000224c       0x64 .\CortexM3\ARM_GCC_541\Debug\lab4.a(USBUART_std.o)
                0x0000224c                USBUART_SetEndpointHalt
 .text.USBUART_ClearEndpointHalt
                0x000022b0       0xac .\CortexM3\ARM_GCC_541\Debug\lab4.a(USBUART_std.o)
                0x000022b0                USBUART_ClearEndpointHalt
 .text.USBUART_ValidateAlternateSetting
                0x0000235c       0x4c .\CortexM3\ARM_GCC_541\Debug\lab4.a(USBUART_std.o)
                0x0000235c                USBUART_ValidateAlternateSetting
 .text.USBUART_HandleStandardRqst
                0x000023a8      0x354 .\CortexM3\ARM_GCC_541\Debug\lab4.a(USBUART_std.o)
                0x000023a8                USBUART_HandleStandardRqst
 .text.USBUART_HandleVendorRqst
                0x000026fc       0x18 .\CortexM3\ARM_GCC_541\Debug\lab4.a(USBUART_vnd.o)
                0x000026fc                USBUART_HandleVendorRqst
 .text.USBUART_Dp_ClearInterrupt
                0x00002714       0x10 .\CortexM3\ARM_GCC_541\Debug\lab4.a(USBUART_Dp.o)
                0x00002714                USBUART_Dp_ClearInterrupt
 .text.VDAC_Enable
                0x00002724       0x1c .\CortexM3\ARM_GCC_541\Debug\lab4.a(VDAC.o)
                0x00002724                VDAC_Enable
 .text.VDAC_SetSpeed
                0x00002740       0x1c .\CortexM3\ARM_GCC_541\Debug\lab4.a(VDAC.o)
                0x00002740                VDAC_SetSpeed
 .text.VDAC_SetValue
                0x0000275c        0xc .\CortexM3\ARM_GCC_541\Debug\lab4.a(VDAC.o)
                0x0000275c                VDAC_SetValue
 .text.VDAC_DacTrim
                0x00002768       0x24 .\CortexM3\ARM_GCC_541\Debug\lab4.a(VDAC.o)
                0x00002768                VDAC_DacTrim
 .text.VDAC_SetRange
                0x0000278c       0x20 .\CortexM3\ARM_GCC_541\Debug\lab4.a(VDAC.o)
                0x0000278c                VDAC_SetRange
 .text.VDAC_Init
                0x000027ac       0x20 .\CortexM3\ARM_GCC_541\Debug\lab4.a(VDAC.o)
                0x000027ac                VDAC_Init
 .text.VDAC_Start
                0x000027cc       0x24 .\CortexM3\ARM_GCC_541\Debug\lab4.a(VDAC.o)
                0x000027cc                VDAC_Start
 .text          0x000027f0       0x20 .\CortexM3\ARM_GCC_541\Debug\lab4.a(CyBootAsmGnu.o)
                0x000027f0                CyDelayCycles
                0x00002800                CyEnterCriticalSection
                0x00002808                CyExitCriticalSection
 .text.USBUART_DispatchClassRqst
                0x00002810       0x60 .\CortexM3\ARM_GCC_541\Debug\lab4.a(USBUART_cls.o)
                0x00002810                USBUART_DispatchClassRqst
 .text.__errno  0x00002870        0xc c:/program files (x86)/cypress/psoc creator/4.4/psoc creator/import/gnu/arm/5.4.1/bin/../lib/gcc/arm-none-eabi/5.4.1/../../../../arm-none-eabi/lib/armv7-m\libg_nano.a(lib_a-errno.o)
                0x00002870                __errno
 .text.__libc_init_array
                0x0000287c       0x4c c:/program files (x86)/cypress/psoc creator/4.4/psoc creator/import/gnu/arm/5.4.1/bin/../lib/gcc/arm-none-eabi/5.4.1/../../../../arm-none-eabi/lib/armv7-m\libg_nano.a(lib_a-init.o)
                0x0000287c                __libc_init_array
 .text.memcpy   0x000028c8       0x16 c:/program files (x86)/cypress/psoc creator/4.4/psoc creator/import/gnu/arm/5.4.1/bin/../lib/gcc/arm-none-eabi/5.4.1/../../../../arm-none-eabi/lib/armv7-m\libg_nano.a(lib_a-memcpy-stub.o)
                0x000028c8                memcpy
 .text.memset   0x000028de       0x10 c:/program files (x86)/cypress/psoc creator/4.4/psoc creator/import/gnu/arm/5.4.1/bin/../lib/gcc/arm-none-eabi/5.4.1/../../../../arm-none-eabi/lib/armv7-m\libg_nano.a(lib_a-memset.o)
                0x000028de                memset
 *fill*         0x000028ee        0x2 
 .text.printf   0x000028f0       0x30 c:/program files (x86)/cypress/psoc creator/4.4/psoc creator/import/gnu/arm/5.4.1/bin/../lib/gcc/arm-none-eabi/5.4.1/../../../../arm-none-eabi/lib/armv7-m\libg_nano.a(lib_a-printf.o)
                0x000028f0                iprintf
                0x000028f0                printf
 .text.sprintf  0x00002920       0x48 c:/program files (x86)/cypress/psoc creator/4.4/psoc creator/import/gnu/arm/5.4.1/bin/../lib/gcc/arm-none-eabi/5.4.1/../../../../arm-none-eabi/lib/armv7-m\libg_nano.a(lib_a-sprintf.o)
                0x00002920                siprintf
                0x00002920                sprintf
 .text._cleanup_r
                0x00002968        0xc c:/program files (x86)/cypress/psoc creator/4.4/psoc creator/import/gnu/arm/5.4.1/bin/../lib/gcc/arm-none-eabi/5.4.1/../../../../arm-none-eabi/lib/armv7-m\libg_nano.a(lib_a-findfp.o)
                0x00002968                _cleanup_r
 .text.std.isra.0
                0x00002974       0x48 c:/program files (x86)/cypress/psoc creator/4.4/psoc creator/import/gnu/arm/5.4.1/bin/../lib/gcc/arm-none-eabi/5.4.1/../../../../arm-none-eabi/lib/armv7-m\libg_nano.a(lib_a-findfp.o)
 .text.__sfmoreglue
                0x000029bc       0x2c c:/program files (x86)/cypress/psoc creator/4.4/psoc creator/import/gnu/arm/5.4.1/bin/../lib/gcc/arm-none-eabi/5.4.1/../../../../arm-none-eabi/lib/armv7-m\libg_nano.a(lib_a-findfp.o)
                0x000029bc                __sfmoreglue
 .text.__sinit  0x000029e8       0x60 c:/program files (x86)/cypress/psoc creator/4.4/psoc creator/import/gnu/arm/5.4.1/bin/../lib/gcc/arm-none-eabi/5.4.1/../../../../arm-none-eabi/lib/armv7-m\libg_nano.a(lib_a-findfp.o)
                0x000029e8                __sinit
 .text.__sfp    0x00002a48       0x78 c:/program files (x86)/cypress/psoc creator/4.4/psoc creator/import/gnu/arm/5.4.1/bin/../lib/gcc/arm-none-eabi/5.4.1/../../../../arm-none-eabi/lib/armv7-m\libg_nano.a(lib_a-findfp.o)
                0x00002a48                __sfp
 .text._fwalk_reent
                0x00002ac0       0x3c c:/program files (x86)/cypress/psoc creator/4.4/psoc creator/import/gnu/arm/5.4.1/bin/../lib/gcc/arm-none-eabi/5.4.1/../../../../arm-none-eabi/lib/armv7-m\libg_nano.a(lib_a-fwalk.o)
                0x00002ac0                _fwalk_reent
 .text._malloc_r
                0x00002afc       0xbc c:/program files (x86)/cypress/psoc creator/4.4/psoc creator/import/gnu/arm/5.4.1/bin/../lib/gcc/arm-none-eabi/5.4.1/../../../../arm-none-eabi/lib/armv7-m\libg_nano.a(lib_a-nano-mallocr.o)
                0x00002afc                _malloc_r
 .text.__ssputs_r
                0x00002bb8       0xb2 c:/program files (x86)/cypress/psoc creator/4.4/psoc creator/import/gnu/arm/5.4.1/bin/../lib/gcc/arm-none-eabi/5.4.1/../../../../arm-none-eabi/lib/armv7-m\libg_nano.a(lib_a-nano-svfprintf.o)
                0x00002bb8                __ssputs_r
 *fill*         0x00002c6a        0x2 
 .text._svfprintf_r
                0x00002c6c      0x1e8 c:/program files (x86)/cypress/psoc creator/4.4/psoc creator/import/gnu/arm/5.4.1/bin/../lib/gcc/arm-none-eabi/5.4.1/../../../../arm-none-eabi/lib/armv7-m\libg_nano.a(lib_a-nano-svfprintf.o)
                0x00002c6c                _svfiprintf_r
                0x00002c6c                _svfprintf_r
 .text.__sfputc_r
                0x00002e54       0x2c c:/program files (x86)/cypress/psoc creator/4.4/psoc creator/import/gnu/arm/5.4.1/bin/../lib/gcc/arm-none-eabi/5.4.1/../../../../arm-none-eabi/lib/armv7-m\libg_nano.a(lib_a-nano-vfprintf.o)
 .text.__sfputs_r
                0x00002e80       0x24 c:/program files (x86)/cypress/psoc creator/4.4/psoc creator/import/gnu/arm/5.4.1/bin/../lib/gcc/arm-none-eabi/5.4.1/../../../../arm-none-eabi/lib/armv7-m\libg_nano.a(lib_a-nano-vfprintf.o)
                0x00002e80                __sfputs_r
 .text._vfprintf_r
                0x00002ea4      0x238 c:/program files (x86)/cypress/psoc creator/4.4/psoc creator/import/gnu/arm/5.4.1/bin/../lib/gcc/arm-none-eabi/5.4.1/../../../../arm-none-eabi/lib/armv7-m\libg_nano.a(lib_a-nano-vfprintf.o)
                0x00002ea4                _vfprintf_r
                0x00002ea4                _vfiprintf_r
 .text._printf_common
                0x000030dc       0xec c:/program files (x86)/cypress/psoc creator/4.4/psoc creator/import/gnu/arm/5.4.1/bin/../lib/gcc/arm-none-eabi/5.4.1/../../../../arm-none-eabi/lib/armv7-m\libg_nano.a(lib_a-nano-vfprintf_i.o)
                0x000030dc                _printf_common
 .text._printf_i
                0x000031c8      0x24c c:/program files (x86)/cypress/psoc creator/4.4/psoc creator/import/gnu/arm/5.4.1/bin/../lib/gcc/arm-none-eabi/5.4.1/../../../../arm-none-eabi/lib/armv7-m\libg_nano.a(lib_a-nano-vfprintf_i.o)
                0x000031c8                _printf_i
 .text._sbrk_r  0x00003414       0x20 c:/program files (x86)/cypress/psoc creator/4.4/psoc creator/import/gnu/arm/5.4.1/bin/../lib/gcc/arm-none-eabi/5.4.1/../../../../arm-none-eabi/lib/armv7-m\libg_nano.a(lib_a-sbrkr.o)
                0x00003414                _sbrk_r
 .text.__sread  0x00003434       0x22 c:/program files (x86)/cypress/psoc creator/4.4/psoc creator/import/gnu/arm/5.4.1/bin/../lib/gcc/arm-none-eabi/5.4.1/../../../../arm-none-eabi/lib/armv7-m\libg_nano.a(lib_a-stdio.o)
                0x00003434                __sread
 .text.__swrite
                0x00003456       0x38 c:/program files (x86)/cypress/psoc creator/4.4/psoc creator/import/gnu/arm/5.4.1/bin/../lib/gcc/arm-none-eabi/5.4.1/../../../../arm-none-eabi/lib/armv7-m\libg_nano.a(lib_a-stdio.o)
                0x00003456                __swrite
 .text.__sseek  0x0000348e       0x24 c:/program files (x86)/cypress/psoc creator/4.4/psoc creator/import/gnu/arm/5.4.1/bin/../lib/gcc/arm-none-eabi/5.4.1/../../../../arm-none-eabi/lib/armv7-m\libg_nano.a(lib_a-stdio.o)
                0x0000348e                __sseek
 .text.__sclose
                0x000034b2        0x8 c:/program files (x86)/cypress/psoc creator/4.4/psoc creator/import/gnu/arm/5.4.1/bin/../lib/gcc/arm-none-eabi/5.4.1/../../../../arm-none-eabi/lib/armv7-m\libg_nano.a(lib_a-stdio.o)
                0x000034b2                __sclose
 *fill*         0x000034ba        0x2 
 .text.__swbuf_r
                0x000034bc       0xa8 c:/program files (x86)/cypress/psoc creator/4.4/psoc creator/import/gnu/arm/5.4.1/bin/../lib/gcc/arm-none-eabi/5.4.1/../../../../arm-none-eabi/lib/armv7-m\libg_nano.a(lib_a-wbuf.o)
                0x000034bc                __swbuf_r
 .text._write_r
                0x00003564       0x24 c:/program files (x86)/cypress/psoc creator/4.4/psoc creator/import/gnu/arm/5.4.1/bin/../lib/gcc/arm-none-eabi/5.4.1/../../../../arm-none-eabi/lib/armv7-m\libg_nano.a(lib_a-writer.o)
                0x00003564                _write_r
 .text.__swsetup_r
                0x00003588       0xdc c:/program files (x86)/cypress/psoc creator/4.4/psoc creator/import/gnu/arm/5.4.1/bin/../lib/gcc/arm-none-eabi/5.4.1/../../../../arm-none-eabi/lib/armv7-m\libg_nano.a(lib_a-wsetup.o)
                0x00003588                __swsetup_r
 .text._close_r
                0x00003664       0x20 c:/program files (x86)/cypress/psoc creator/4.4/psoc creator/import/gnu/arm/5.4.1/bin/../lib/gcc/arm-none-eabi/5.4.1/../../../../arm-none-eabi/lib/armv7-m\libg_nano.a(lib_a-closer.o)
                0x00003664                _close_r
 .text.__sflush_r
                0x00003684      0x10c c:/program files (x86)/cypress/psoc creator/4.4/psoc creator/import/gnu/arm/5.4.1/bin/../lib/gcc/arm-none-eabi/5.4.1/../../../../arm-none-eabi/lib/armv7-m\libg_nano.a(lib_a-fflush.o)
                0x00003684                __sflush_r
 .text._fflush_r
                0x00003790       0x54 c:/program files (x86)/cypress/psoc creator/4.4/psoc creator/import/gnu/arm/5.4.1/bin/../lib/gcc/arm-none-eabi/5.4.1/../../../../arm-none-eabi/lib/armv7-m\libg_nano.a(lib_a-fflush.o)
                0x00003790                _fflush_r
 .text._lseek_r
                0x000037e4       0x24 c:/program files (x86)/cypress/psoc creator/4.4/psoc creator/import/gnu/arm/5.4.1/bin/../lib/gcc/arm-none-eabi/5.4.1/../../../../arm-none-eabi/lib/armv7-m\libg_nano.a(lib_a-lseekr.o)
                0x000037e4                _lseek_r
 .text.__swhatbuf_r
                0x00003808       0x46 c:/program files (x86)/cypress/psoc creator/4.4/psoc creator/import/gnu/arm/5.4.1/bin/../lib/gcc/arm-none-eabi/5.4.1/../../../../arm-none-eabi/lib/armv7-m\libg_nano.a(lib_a-makebuf.o)
                0x00003808                __swhatbuf_r
 *fill*         0x0000384e        0x2 
 .text.__smakebuf_r
                0x00003850       0x78 c:/program files (x86)/cypress/psoc creator/4.4/psoc creator/import/gnu/arm/5.4.1/bin/../lib/gcc/arm-none-eabi/5.4.1/../../../../arm-none-eabi/lib/armv7-m\libg_nano.a(lib_a-makebuf.o)
                0x00003850                __smakebuf_r
 .text.memchr   0x000038c8       0x1c c:/program files (x86)/cypress/psoc creator/4.4/psoc creator/import/gnu/arm/5.4.1/bin/../lib/gcc/arm-none-eabi/5.4.1/../../../../arm-none-eabi/lib/armv7-m\libg_nano.a(lib_a-memchr-stub.o)
                0x000038c8                memchr
 .text.memmove  0x000038e4       0x36 c:/program files (x86)/cypress/psoc creator/4.4/psoc creator/import/gnu/arm/5.4.1/bin/../lib/gcc/arm-none-eabi/5.4.1/../../../../arm-none-eabi/lib/armv7-m\libg_nano.a(lib_a-memmove.o)
                0x000038e4                memmove
 .text.__malloc_lock
                0x0000391a        0x2 c:/program files (x86)/cypress/psoc creator/4.4/psoc creator/import/gnu/arm/5.4.1/bin/../lib/gcc/arm-none-eabi/5.4.1/../../../../arm-none-eabi/lib/armv7-m\libg_nano.a(lib_a-mlock.o)
                0x0000391a                __malloc_lock
 .text.__malloc_unlock
                0x0000391c        0x2 c:/program files (x86)/cypress/psoc creator/4.4/psoc creator/import/gnu/arm/5.4.1/bin/../lib/gcc/arm-none-eabi/5.4.1/../../../../arm-none-eabi/lib/armv7-m\libg_nano.a(lib_a-mlock.o)
                0x0000391c                __malloc_unlock
 *fill*         0x0000391e        0x2 
 .text._free_r  0x00003920       0x98 c:/program files (x86)/cypress/psoc creator/4.4/psoc creator/import/gnu/arm/5.4.1/bin/../lib/gcc/arm-none-eabi/5.4.1/../../../../arm-none-eabi/lib/armv7-m\libg_nano.a(lib_a-nano-freer.o)
                0x00003920                _free_r
 .text._realloc_r
                0x000039b8       0x4c c:/program files (x86)/cypress/psoc creator/4.4/psoc creator/import/gnu/arm/5.4.1/bin/../lib/gcc/arm-none-eabi/5.4.1/../../../../arm-none-eabi/lib/armv7-m\libg_nano.a(lib_a-nano-reallocr.o)
                0x000039b8                _realloc_r
 .text._read_r  0x00003a04       0x24 c:/program files (x86)/cypress/psoc creator/4.4/psoc creator/import/gnu/arm/5.4.1/bin/../lib/gcc/arm-none-eabi/5.4.1/../../../../arm-none-eabi/lib/armv7-m\libg_nano.a(lib_a-readr.o)
                0x00003a04                _read_r
 .text._fstat_r
                0x00003a28       0x24 c:/program files (x86)/cypress/psoc creator/4.4/psoc creator/import/gnu/arm/5.4.1/bin/../lib/gcc/arm-none-eabi/5.4.1/../../../../arm-none-eabi/lib/armv7-m\libg_nano.a(lib_a-fstatr.o)
                0x00003a28                _fstat_r
 .text._isatty_r
                0x00003a4c       0x20 c:/program files (x86)/cypress/psoc creator/4.4/psoc creator/import/gnu/arm/5.4.1/bin/../lib/gcc/arm-none-eabi/5.4.1/../../../../arm-none-eabi/lib/armv7-m\libg_nano.a(lib_a-isattyr.o)
                0x00003a4c                _isatty_r
 .text._malloc_usable_size_r
                0x00003a6c       0x14 c:/program files (x86)/cypress/psoc creator/4.4/psoc creator/import/gnu/arm/5.4.1/bin/../lib/gcc/arm-none-eabi/5.4.1/../../../../arm-none-eabi/lib/armv7-m\libg_nano.a(lib_a-nano-msizer.o)
                0x00003a6c                _malloc_usable_size_r
 .text._close   0x00003a80       0x10 c:/program files (x86)/cypress/psoc creator/4.4/psoc creator/import/gnu/arm/5.4.1/bin/../lib/gcc/arm-none-eabi/5.4.1/../../../../arm-none-eabi/lib/armv7-m\libnosys.a(close.o)
                0x00003a80                _close
 .text._fstat   0x00003a90       0x10 c:/program files (x86)/cypress/psoc creator/4.4/psoc creator/import/gnu/arm/5.4.1/bin/../lib/gcc/arm-none-eabi/5.4.1/../../../../arm-none-eabi/lib/armv7-m\libnosys.a(fstat.o)
                0x00003a90                _fstat
 .text._isatty  0x00003aa0       0x10 c:/program files (x86)/cypress/psoc creator/4.4/psoc creator/import/gnu/arm/5.4.1/bin/../lib/gcc/arm-none-eabi/5.4.1/../../../../arm-none-eabi/lib/armv7-m\libnosys.a(isatty.o)
                0x00003aa0                _isatty
 .text._lseek   0x00003ab0       0x10 c:/program files (x86)/cypress/psoc creator/4.4/psoc creator/import/gnu/arm/5.4.1/bin/../lib/gcc/arm-none-eabi/5.4.1/../../../../arm-none-eabi/lib/armv7-m\libnosys.a(lseek.o)
                0x00003ab0                _lseek
 .text._read    0x00003ac0       0x10 c:/program files (x86)/cypress/psoc creator/4.4/psoc creator/import/gnu/arm/5.4.1/bin/../lib/gcc/arm-none-eabi/5.4.1/../../../../arm-none-eabi/lib/armv7-m\libnosys.a(read.o)
                0x00003ac0                _read
 .text._write   0x00003ad0       0x10 c:/program files (x86)/cypress/psoc creator/4.4/psoc creator/import/gnu/arm/5.4.1/bin/../lib/gcc/arm-none-eabi/5.4.1/../../../../arm-none-eabi/lib/armv7-m\libnosys.a(write.o)
                0x00003ad0                _write
 *(.plt)
 *(.gnu.warning)
 *(.glue_7t)
 .glue_7t       0x00003ae0        0x0 linker stubs
 *(.glue_7)
 .glue_7        0x00003ae0        0x0 linker stubs
 *(.vfp11_veneer)
 .vfp11_veneer  0x00003ae0        0x0 linker stubs
 *(.bootloader)
 *(.ARM.extab* .gnu.linkonce.armextab.*)
 *(.gcc_except_table)

.v4_bx          0x00003ae0        0x0
 .v4_bx         0x00003ae0        0x0 linker stubs

.iplt           0x00003ae0        0x0
 .iplt          0x00003ae0        0x0 c:/program files (x86)/cypress/psoc creator/4.4/psoc creator/import/gnu/arm/5.4.1/bin/../lib/gcc/arm-none-eabi/5.4.1/armv7-m/crtbegin.o

.eh_frame_hdr
 *(.eh_frame_hdr)

.eh_frame       0x00003ae0        0x4
 *(.eh_frame)
 .eh_frame      0x00003ae0        0x0 c:/program files (x86)/cypress/psoc creator/4.4/psoc creator/import/gnu/arm/5.4.1/bin/../lib/gcc/arm-none-eabi/5.4.1/armv7-m/crtbegin.o
 .eh_frame      0x00003ae0        0x4 c:/program files (x86)/cypress/psoc creator/4.4/psoc creator/import/gnu/arm/5.4.1/bin/../lib/gcc/arm-none-eabi/5.4.1/armv7-m/crtend.o
                [!provide]                PROVIDE (__exidx_start, .)

.ARM.exidx
 *(.ARM.exidx* .gnu.linkonce.armexidx.*)
                0x00003ae4                __exidx_end = .

.rodata         0x00003ae4      0x2c4
 *(.rodata .rodata.* .gnu.linkonce.r.*)
 .rodata.str1.4
                0x00003ae4       0x33 .\CortexM3\ARM_GCC_541\Debug\main.o
 *fill*         0x00003b17        0x1 
 .rodata        0x00003b18       0x36 .\CortexM3\ARM_GCC_541\Debug\cyfitter_cfg.o
 *fill*         0x00003b4e        0x2 
 .rodata        0x00003b50       0x15 .\CortexM3\ARM_GCC_541\Debug\lab4.a(PGA.o)
 *fill*         0x00003b65        0x3 
 .rodata.str1.4
                0x00003b68       0x14 .\CortexM3\ARM_GCC_541\Debug\lab4.a(USBUART_std.o)
                                 0x11 (size before relaxing)
 .rodata        0x00003b7c      0x15e .\CortexM3\ARM_GCC_541\Debug\lab4.a(USBUART_descr.o)
                0x00003b7c                USBUART_TABLE
                0x00003b84                USBUART_DEVICE0_TABLE
                0x00003b9c                USBUART_DEVICE0_CONFIGURATION0_TABLE
                0x00003bc4                USBUART_DEVICE0_CONFIGURATION0_INTERFACE_CLASS
                0x00003bc8                USBUART_DEVICE0_CONFIGURATION0_EP_SETTINGS_TABLE
                0x00003be0                USBUART_SN_STRING_DESCRIPTOR
                0x00003be4                USBUART_STRING_DESCRIPTORS
                0x00003c84                USBUART_DEVICE0_CONFIGURATION0_DESCR
                0x00003cc8                USBUART_DEVICE0_DESCR
 .rodata.str1.1
                0x00003cda        0x2 c:/program files (x86)/cypress/psoc creator/4.4/psoc creator/import/gnu/arm/5.4.1/bin/../lib/gcc/arm-none-eabi/5.4.1/../../../../arm-none-eabi/lib/armv7-m\libg_nano.a(lib_a-impure.o)
 .rodata._global_impure_ptr
                0x00003cdc        0x4 c:/program files (x86)/cypress/psoc creator/4.4/psoc creator/import/gnu/arm/5.4.1/bin/../lib/gcc/arm-none-eabi/5.4.1/../../../../arm-none-eabi/lib/armv7-m\libg_nano.a(lib_a-impure.o)
                0x00003cdc                _global_impure_ptr
 .rodata.__sf_fake_stdin
                0x00003ce0       0x20 c:/program files (x86)/cypress/psoc creator/4.4/psoc creator/import/gnu/arm/5.4.1/bin/../lib/gcc/arm-none-eabi/5.4.1/../../../../arm-none-eabi/lib/armv7-m\libg_nano.a(lib_a-findfp.o)
                0x00003ce0                __sf_fake_stdin
 .rodata.__sf_fake_stdout
                0x00003d00       0x20 c:/program files (x86)/cypress/psoc creator/4.4/psoc creator/import/gnu/arm/5.4.1/bin/../lib/gcc/arm-none-eabi/5.4.1/../../../../arm-none-eabi/lib/armv7-m\libg_nano.a(lib_a-findfp.o)
                0x00003d00                __sf_fake_stdout
 .rodata.__sf_fake_stderr
                0x00003d20       0x20 c:/program files (x86)/cypress/psoc creator/4.4/psoc creator/import/gnu/arm/5.4.1/bin/../lib/gcc/arm-none-eabi/5.4.1/../../../../arm-none-eabi/lib/armv7-m\libg_nano.a(lib_a-findfp.o)
                0x00003d20                __sf_fake_stderr
 .rodata.str1.1
                0x00003d40       0x11 c:/program files (x86)/cypress/psoc creator/4.4/psoc creator/import/gnu/arm/5.4.1/bin/../lib/gcc/arm-none-eabi/5.4.1/../../../../arm-none-eabi/lib/armv7-m\libg_nano.a(lib_a-nano-svfprintf.o)
 .rodata.str1.1
                0x00003d51       0x11 c:/program files (x86)/cypress/psoc creator/4.4/psoc creator/import/gnu/arm/5.4.1/bin/../lib/gcc/arm-none-eabi/5.4.1/../../../../arm-none-eabi/lib/armv7-m\libg_nano.a(lib_a-nano-vfprintf.o)
 .rodata.str1.1
                0x00003d51       0x22 c:/program files (x86)/cypress/psoc creator/4.4/psoc creator/import/gnu/arm/5.4.1/bin/../lib/gcc/arm-none-eabi/5.4.1/../../../../arm-none-eabi/lib/armv7-m\libg_nano.a(lib_a-nano-vfprintf_i.o)
                0x00003d74                . = ALIGN (0x4)
 *fill*         0x00003d73        0x1 
 *(.init)
 .init          0x00003d74        0x4 c:/program files (x86)/cypress/psoc creator/4.4/psoc creator/import/gnu/arm/5.4.1/bin/../lib/gcc/arm-none-eabi/5.4.1/armv7-m/crti.o
                0x00003d74                _init
 .init          0x00003d78        0x8 c:/program files (x86)/cypress/psoc creator/4.4/psoc creator/import/gnu/arm/5.4.1/bin/../lib/gcc/arm-none-eabi/5.4.1/armv7-m/crtn.o
                0x00003d80                . = ALIGN (0x4)
                0x00003d80                __preinit_array_start = .
 *(.preinit_array)
                0x00003d80                __preinit_array_end = .
                0x00003d80                . = ALIGN (0x4)
                0x00003d80                __init_array_start = .
 *(SORT(.init_array.*))
 *(.init_array)
 .init_array    0x00003d80        0x4 c:/program files (x86)/cypress/psoc creator/4.4/psoc creator/import/gnu/arm/5.4.1/bin/../lib/gcc/arm-none-eabi/5.4.1/armv7-m/crtbegin.o
 .init_array    0x00003d84        0x4 .\CortexM3\ARM_GCC_541\Debug\Cm3Start.o
                0x00003d88                __init_array_end = .
                0x00003d88                . = ALIGN (0x4)
 *(.fini)
 .fini          0x00003d88        0x4 c:/program files (x86)/cypress/psoc creator/4.4/psoc creator/import/gnu/arm/5.4.1/bin/../lib/gcc/arm-none-eabi/5.4.1/armv7-m/crti.o
                0x00003d88                _fini
 .fini          0x00003d8c        0x8 c:/program files (x86)/cypress/psoc creator/4.4/psoc creator/import/gnu/arm/5.4.1/bin/../lib/gcc/arm-none-eabi/5.4.1/armv7-m/crtn.o
                0x00003d94                . = ALIGN (0x4)
                0x00003d94                __fini_array_start = .
 *(.fini_array)
 .fini_array    0x00003d94        0x4 c:/program files (x86)/cypress/psoc creator/4.4/psoc creator/import/gnu/arm/5.4.1/bin/../lib/gcc/arm-none-eabi/5.4.1/armv7-m/crtbegin.o
 *(SORT(.fini_array.*))
                0x00003d98                __fini_array_end = .
                0x00003d98                . = ALIGN (0x4)
 *crtbegin.o(.ctors)
 *(EXCLUDE_FILE(*crtend.o) .ctors)
 *(SORT(.ctors.*))
 *crtend.o(.ctors)
                0x00003d98                . = ALIGN (0x4)
 *crtbegin.o(.dtors)
 *(EXCLUDE_FILE(*crtend.o) .dtors)
 *(SORT(.dtors.*))
 *crtend.o(.dtors)
                0x00003d98                . = ALIGN (0x4)
                0x00003d98                __cy_regions = .
                0x00003d98        0x4 LONG 0x3da8 __cy_region_init_ram
                0x00003d9c        0x4 LONG 0x1fff80c8 __cy_region_start_data
                0x00003da0        0x4 LONG 0xa0 __cy_region_init_size_ram
                0x00003da4        0x4 LONG 0x128 __cy_region_zero_size_ram
                0x00003da8                __cy_regions_end = .
                0x00003da8                . = ALIGN (0x8)
                0x00003da8                _etext = .

.cy_checksum_exclude
                0x00003da8        0x0
 *(.cy_checksum_exclude)

.ramvectors     0x1fff8000       0xc0
                0x1fff8000                __cy_region_start_ram = .
 *(.ramvectors)
 .ramvectors    0x1fff8000       0xc0 .\CortexM3\ARM_GCC_541\Debug\Cm3Start.o
                0x1fff8000                CyRamVectors

.noinit         0x1fff80c0        0x1
 *(.noinit)
 .noinit        0x1fff80c0        0x1 .\CortexM3\ARM_GCC_541\Debug\lab4.a(CyLib.o)
                0x1fff80c0                CyResetStatus

.data           0x1fff80c8       0xa0 load address 0x00003da8
                0x1fff80c8                __cy_region_start_data = .
 *(.jcr)
 .jcr           0x1fff80c8        0x0 c:/program files (x86)/cypress/psoc creator/4.4/psoc creator/import/gnu/arm/5.4.1/bin/../lib/gcc/arm-none-eabi/5.4.1/armv7-m/crtbegin.o
 .jcr           0x1fff80c8        0x4 c:/program files (x86)/cypress/psoc creator/4.4/psoc creator/import/gnu/arm/5.4.1/bin/../lib/gcc/arm-none-eabi/5.4.1/armv7-m/crtend.o
 *(.got.plt)
 *(.got)
 *(.shdata)
 *(.data .data.* .gnu.linkonce.d.*)
 .data          0x1fff80cc        0x4 .\CortexM3\ARM_GCC_541\Debug\Cm3Start.o
 .data          0x1fff80d0       0x10 .\CortexM3\ARM_GCC_541\Debug\lab4.a(CyLib.o)
                0x1fff80d0                cydelay_32k_ms
                0x1fff80d4                cydelay_freq_khz
                0x1fff80d8                cydelay_freq_mhz
                0x1fff80dc                cydelay_freq_hz
 .data          0x1fff80e0        0x1 .\CortexM3\ARM_GCC_541\Debug\lab4.a(ADC.o)
                0x1fff80e0                ADC_Config
 *fill*         0x1fff80e1        0x3 
 .data          0x1fff80e4       0x1a .\CortexM3\ARM_GCC_541\Debug\lab4.a(USBUART_cdc.o)
                0x1fff80e4                USBUART_linesCoding
 *fill*         0x1fff80fe        0x2 
 .data.impure_data
                0x1fff8100       0x60 c:/program files (x86)/cypress/psoc creator/4.4/psoc creator/import/gnu/arm/5.4.1/bin/../lib/gcc/arm-none-eabi/5.4.1/../../../../arm-none-eabi/lib/armv7-m\libg_nano.a(lib_a-impure.o)
 .data._impure_ptr
                0x1fff8160        0x4 c:/program files (x86)/cypress/psoc creator/4.4/psoc creator/import/gnu/arm/5.4.1/bin/../lib/gcc/arm-none-eabi/5.4.1/../../../../arm-none-eabi/lib/armv7-m\libg_nano.a(lib_a-impure.o)
                0x1fff8160                _impure_ptr
                0x1fff8168                . = ALIGN (0x8)
 *fill*         0x1fff8164        0x4 
 *(.ram)
                0x1fff8168                _edata = .

.igot.plt       0x1fff8168        0x0 load address 0x00003e48
 .igot.plt      0x1fff8168        0x0 c:/program files (x86)/cypress/psoc creator/4.4/psoc creator/import/gnu/arm/5.4.1/bin/../lib/gcc/arm-none-eabi/5.4.1/armv7-m/crtbegin.o

.bss            0x1fff8168      0x128 load address 0x00003e48
                0x1fff8168                PROVIDE (__bss_start__, .)
 *(.shbss)
 *(.bss .bss.* .gnu.linkonce.b.*)
 .bss           0x1fff8168       0x1c c:/program files (x86)/cypress/psoc creator/4.4/psoc creator/import/gnu/arm/5.4.1/bin/../lib/gcc/arm-none-eabi/5.4.1/armv7-m/crtbegin.o
 .bss           0x1fff8184        0x2 .\CortexM3\ARM_GCC_541\Debug\lab4.a(LCD.o)
                0x1fff8184                LCD_enableState
                0x1fff8185                LCD_initVar
 .bss           0x1fff8186        0x1 .\CortexM3\ARM_GCC_541\Debug\lab4.a(PGA.o)
                0x1fff8186                PGA_initVar
 .bss           0x1fff8187        0x1 .\CortexM3\ARM_GCC_541\Debug\lab4.a(Opamp.o)
                0x1fff8187                Opamp_initVar
 .bss           0x1fff8188       0x18 .\CortexM3\ARM_GCC_541\Debug\lab4.a(ADC.o)
                0x1fff8198                ADC_stopConversion
                0x1fff8199                ADC_convDone
                0x1fff819a                ADC_initVar
                0x1fff819b                ADC_started
                0x1fff819c                ADC_Offset
 .bss           0x1fff81a0        0x1 .\CortexM3\ARM_GCC_541\Debug\lab4.a(USBUART.o)
                0x1fff81a0                USBUART_initVar
 .bss           0x1fff81a1        0x1 .\CortexM3\ARM_GCC_541\Debug\lab4.a(USBUART_cdc.o)
 *fill*         0x1fff81a2        0x2 
 .bss           0x1fff81a4        0x2 .\CortexM3\ARM_GCC_541\Debug\lab4.a(USBUART_std.o)
 .bss           0x1fff81a6        0x1 .\CortexM3\ARM_GCC_541\Debug\lab4.a(VDAC.o)
                0x1fff81a6                VDAC_initVar
 *fill*         0x1fff81a7        0x1 
 .bss.__malloc_sbrk_start
                0x1fff81a8        0x4 c:/program files (x86)/cypress/psoc creator/4.4/psoc creator/import/gnu/arm/5.4.1/bin/../lib/gcc/arm-none-eabi/5.4.1/../../../../arm-none-eabi/lib/armv7-m\libg_nano.a(lib_a-nano-mallocr.o)
                0x1fff81a8                __malloc_sbrk_start
 .bss.__malloc_free_list
                0x1fff81ac        0x4 c:/program files (x86)/cypress/psoc creator/4.4/psoc creator/import/gnu/arm/5.4.1/bin/../lib/gcc/arm-none-eabi/5.4.1/../../../../arm-none-eabi/lib/armv7-m\libg_nano.a(lib_a-nano-mallocr.o)
                0x1fff81ac                __malloc_free_list
 *(COMMON)
 COMMON         0x1fff81b0        0x4 .\CortexM3\ARM_GCC_541\Debug\lab4.a(ADC.o)
                0x1fff81b0                ADC_CountsPerVolt
 COMMON         0x1fff81b4       0x18 .\CortexM3\ARM_GCC_541\Debug\lab4.a(USBUART_cdc.o)
                0x1fff81b4                USBUART_linesChanged
                0x1fff81b8                USBUART_cdcDataInEp
                0x1fff81bc                USBUART_cdcCommInInterruptEp
                0x1fff81c0                USBUART_cdcDataOutEp
                0x1fff81c4                USBUART_serialStateBitmap
                0x1fff81c8                USBUART_linesControlBitmap
 COMMON         0x1fff81cc       0x9a .\CortexM3\ARM_GCC_541\Debug\lab4.a(USBUART_drv.o)
                0x1fff81cc                USBUART_lastPacketSize
                0x1fff81cd                USBUART_device
                0x1fff81ce                USBUART_transferByteCount
                0x1fff81d0                USBUART_transferState
                0x1fff81d4                USBUART_interfaceSettingLast
                0x1fff81d8                USBUART_currentTD
                0x1fff81e4                USBUART_interfaceNumber
                0x1fff81e8                USBUART_interfaceClass
                0x1fff81ec                USBUART_configurationChanged
                0x1fff81ed                USBUART_ep0Mode
                0x1fff81ee                USBUART_deviceAddress
                0x1fff81ef                USBUART_configuration
                0x1fff81f0                USBUART_ep0Count
                0x1fff81f1                USBUART_deviceStatus
                0x1fff81f4                USBUART_EP
                0x1fff8260                USBUART_interfaceSetting
                0x1fff8262                USBUART_ep0Toggle
                0x1fff8264                USBUART_interfaceStatus
 *fill*         0x1fff8266        0x2 
 COMMON         0x1fff8268       0x22 .\CortexM3\ARM_GCC_541\Debug\lab4.a(USBUART_descr.o)
                0x1fff8268                USBUART_idSerialNumberStringDescriptor
 *fill*         0x1fff828a        0x2 
 COMMON         0x1fff828c        0x4 c:/program files (x86)/cypress/psoc creator/4.4/psoc creator/import/gnu/arm/5.4.1/bin/../lib/gcc/arm-none-eabi/5.4.1/../../../../arm-none-eabi/lib/armv7-m\libg_nano.a(lib_a-reent.o)
                0x1fff828c                errno
                0x1fff8290                . = ALIGN (0x8)
 *(.ram.b)
                0x1fff8290                _end = .
                0x1fff8290                __end = .
                0x1fff8290                PROVIDE (end, .)
                0x1fff8290                PROVIDE (__bss_end__, .)
                0x00003da8                __cy_region_init_ram = LOADADDR (.data)
                0x000000a0                __cy_region_init_size_ram = (_edata - ADDR (.data))
                0x00000128                __cy_region_zero_size_ram = (_end - _edata)

.heap           0x1fff8290       0x80 load address 0x00003e48
                0x1fff8290                . = _end
                0x1fff8310                . = (. + 0x80)
 *fill*         0x1fff8290       0x80 
                0x1fff8310                __cy_heap_limit = .

.stack          0x20007800      0x800
                0x20007800                __cy_stack_limit = .
                0x20008000                . = (. + 0x800)
 *fill*         0x20007800      0x800 
                0x00000001                ASSERT ((__cy_stack_limit >= __cy_heap_limit), region RAM overflowed with stack)
                0x00000000                cy_checksum_exclude_size = (CY_APPL_LOADABLE == 0x1)?SIZEOF (.cy_checksum_exclude):0x0
                0x00000001                ASSERT ((cy_checksum_exclude_size <= CY_CHECKSUM_EXCLUDE_SIZE), CY_BOOT: Section .cy_checksum_exclude size exceedes specified limit.)

.cyloadermeta
 *(.cyloadermeta)

.cyloadablemeta
 *(.cyloadablemeta)

.cyconfigecc    0x80000000      0x4a0
 *(.cyconfigecc)
 .cyconfigecc   0x80000000      0x4a0 .\CortexM3\ARM_GCC_541\Debug\cymetadata.o
                0x80000000                cy_meta_configecc

.cycustnvl      0x90000000        0x4
 *(.cycustnvl)
 .cycustnvl     0x90000000        0x4 .\CortexM3\ARM_GCC_541\Debug\cymetadata.o
                0x90000000                cy_meta_custnvl

.cywolatch      0x90100000        0x4
 *(.cywolatch)
 .cywolatch     0x90100000        0x4 .\CortexM3\ARM_GCC_541\Debug\cymetadata.o
                0x90100000                cy_meta_wonvl

.cyeeprom       0x90200000        0x0
 *(.cyeeprom)
                0x00000001                ASSERT ((. <= ((0x90200000 + ee_offset) + ee_size)), .cyeeprom data will not fit in EEPROM)

.cyflashprotect
                0x90400000      0x100
 *(.cyflashprotect)
 .cyflashprotect
                0x90400000      0x100 .\CortexM3\ARM_GCC_541\Debug\cymetadata.o
                0x90400000                cy_meta_flashprotect

.cymeta         0x90500000        0xc
 *(.cymeta)
 .cymeta        0x90500000        0xc .\CortexM3\ARM_GCC_541\Debug\cymetadata.o
                0x90500000                cy_metadata

.rel.dyn        0x00003e48        0x0 load address 0x9050000c
 .rel.iplt      0x00003e48        0x0 c:/program files (x86)/cypress/psoc creator/4.4/psoc creator/import/gnu/arm/5.4.1/bin/../lib/gcc/arm-none-eabi/5.4.1/armv7-m/crtbegin.o

.stab           0x00000000       0x9c
 *(.stab)
 .stab          0x00000000       0x24 c:/program files (x86)/cypress/psoc creator/4.4/psoc creator/import/gnu/arm/5.4.1/bin/../lib/gcc/arm-none-eabi/5.4.1/../../../../arm-none-eabi/lib/armv7-m\libnosys.a(close.o)
 .stab          0x00000024       0x18 c:/program files (x86)/cypress/psoc creator/4.4/psoc creator/import/gnu/arm/5.4.1/bin/../lib/gcc/arm-none-eabi/5.4.1/../../../../arm-none-eabi/lib/armv7-m\libnosys.a(fstat.o)
                                 0x24 (size before relaxing)
 .stab          0x0000003c       0x18 c:/program files (x86)/cypress/psoc creator/4.4/psoc creator/import/gnu/arm/5.4.1/bin/../lib/gcc/arm-none-eabi/5.4.1/../../../../arm-none-eabi/lib/armv7-m\libnosys.a(isatty.o)
                                 0x24 (size before relaxing)
 .stab          0x00000054       0x18 c:/program files (x86)/cypress/psoc creator/4.4/psoc creator/import/gnu/arm/5.4.1/bin/../lib/gcc/arm-none-eabi/5.4.1/../../../../arm-none-eabi/lib/armv7-m\libnosys.a(lseek.o)
                                 0x24 (size before relaxing)
 .stab          0x0000006c       0x18 c:/program files (x86)/cypress/psoc creator/4.4/psoc creator/import/gnu/arm/5.4.1/bin/../lib/gcc/arm-none-eabi/5.4.1/../../../../arm-none-eabi/lib/armv7-m\libnosys.a(read.o)
                                 0x24 (size before relaxing)
 .stab          0x00000084       0x18 c:/program files (x86)/cypress/psoc creator/4.4/psoc creator/import/gnu/arm/5.4.1/bin/../lib/gcc/arm-none-eabi/5.4.1/../../../../arm-none-eabi/lib/armv7-m\libnosys.a(write.o)
                                 0x24 (size before relaxing)

.stabstr        0x00000000      0x14d
 *(.stabstr)
 .stabstr       0x00000000      0x14d c:/program files (x86)/cypress/psoc creator/4.4/psoc creator/import/gnu/arm/5.4.1/bin/../lib/gcc/arm-none-eabi/5.4.1/../../../../arm-none-eabi/lib/armv7-m\libnosys.a(close.o)

.debug
 *(.debug)

.line
 *(.line)

.debug_srcinfo
 *(.debug_srcinfo)

.debug_sfnames
 *(.debug_sfnames)

.debug_aranges  0x00000000      0xca8
 *(.debug_aranges)
 .debug_aranges
                0x00000000       0x20 .\CortexM3\ARM_GCC_541\Debug\main.o
 .debug_aranges
                0x00000020       0x58 .\CortexM3\ARM_GCC_541\Debug\cyfitter_cfg.o
 .debug_aranges
                0x00000078       0x18 .\CortexM3\ARM_GCC_541\Debug\cymetadata.o
 .debug_aranges
                0x00000090       0x48 .\CortexM3\ARM_GCC_541\Debug\Cm3Start.o
 .debug_aranges
                0x000000d8       0x98 .\CortexM3\ARM_GCC_541\Debug\lab4.a(LCD.o)
 .debug_aranges
                0x00000170      0x2a0 .\CortexM3\ARM_GCC_541\Debug\lab4.a(CyLib.o)
 .debug_aranges
                0x00000410       0x98 .\CortexM3\ARM_GCC_541\Debug\lab4.a(cyPm.o)
 .debug_aranges
                0x000004a8       0x48 .\CortexM3\ARM_GCC_541\Debug\lab4.a(PGA.o)
 .debug_aranges
                0x000004f0       0x40 .\CortexM3\ARM_GCC_541\Debug\lab4.a(Opamp.o)
 .debug_aranges
                0x00000530       0xe8 .\CortexM3\ARM_GCC_541\Debug\lab4.a(ADC.o)
 .debug_aranges
                0x00000618       0x38 .\CortexM3\ARM_GCC_541\Debug\lab4.a(ADC_INT.o)
 .debug_aranges
                0x00000650       0x70 .\CortexM3\ARM_GCC_541\Debug\lab4.a(ADC_Ext_CP_Clk.o)
 .debug_aranges
                0x000006c0       0x80 .\CortexM3\ARM_GCC_541\Debug\lab4.a(ADC_theACLK.o)
 .debug_aranges
                0x00000740       0xc8 .\CortexM3\ARM_GCC_541\Debug\lab4.a(USBUART.o)
 .debug_aranges
                0x00000808       0xe8 .\CortexM3\ARM_GCC_541\Debug\lab4.a(USBUART_cdc.o)
 .debug_aranges
                0x000008f0       0x98 .\CortexM3\ARM_GCC_541\Debug\lab4.a(USBUART_drv.o)
 .debug_aranges
                0x00000988       0x40 .\CortexM3\ARM_GCC_541\Debug\lab4.a(USBUART_episr.o)
 .debug_aranges
                0x000009c8       0x40 .\CortexM3\ARM_GCC_541\Debug\lab4.a(USBUART_pm.o)
 .debug_aranges
                0x00000a08       0x80 .\CortexM3\ARM_GCC_541\Debug\lab4.a(USBUART_std.o)
 .debug_aranges
                0x00000a88       0x20 .\CortexM3\ARM_GCC_541\Debug\lab4.a(USBUART_vnd.o)
 .debug_aranges
                0x00000aa8       0x48 .\CortexM3\ARM_GCC_541\Debug\lab4.a(USBUART_Dp.o)
 .debug_aranges
                0x00000af0       0x58 .\CortexM3\ARM_GCC_541\Debug\lab4.a(VDAC.o)
 .debug_aranges
                0x00000b48       0x20 .\CortexM3\ARM_GCC_541\Debug\lab4.a(CyBootAsmGnu.o)
 .debug_aranges
                0x00000b68       0x88 .\CortexM3\ARM_GCC_541\Debug\lab4.a(CyFlash.o)
 .debug_aranges
                0x00000bf0       0x80 .\CortexM3\ARM_GCC_541\Debug\lab4.a(CySpc.o)
 .debug_aranges
                0x00000c70       0x20 .\CortexM3\ARM_GCC_541\Debug\lab4.a(USBUART_cls.o)
 .debug_aranges
                0x00000c90       0x18 .\CortexM3\ARM_GCC_541\Debug\lab4.a(USBUART_descr.o)

.debug_pubnames
 *(.debug_pubnames)

.debug_info     0x00000000     0x88de
 *(.debug_info .gnu.linkonce.wi.*)
 .debug_info    0x00000000      0x3f6 .\CortexM3\ARM_GCC_541\Debug\main.o
 .debug_info    0x000003f6      0x650 .\CortexM3\ARM_GCC_541\Debug\cyfitter_cfg.o
 .debug_info    0x00000a46      0x136 .\CortexM3\ARM_GCC_541\Debug\cymetadata.o
 .debug_info    0x00000b7c      0x3bb .\CortexM3\ARM_GCC_541\Debug\Cm3Start.o
 .debug_info    0x00000f37      0x715 .\CortexM3\ARM_GCC_541\Debug\lab4.a(LCD.o)
 .debug_info    0x0000164c     0x1374 .\CortexM3\ARM_GCC_541\Debug\lab4.a(CyLib.o)
 .debug_info    0x000029c0      0xa2a .\CortexM3\ARM_GCC_541\Debug\lab4.a(cyPm.o)
 .debug_info    0x000033ea      0x1d3 .\CortexM3\ARM_GCC_541\Debug\lab4.a(PGA.o)
 .debug_info    0x000035bd      0x151 .\CortexM3\ARM_GCC_541\Debug\lab4.a(Opamp.o)
 .debug_info    0x0000370e      0xb92 .\CortexM3\ARM_GCC_541\Debug\lab4.a(ADC.o)
 .debug_info    0x000042a0       0xd3 .\CortexM3\ARM_GCC_541\Debug\lab4.a(ADC_INT.o)
 .debug_info    0x00004373      0x283 .\CortexM3\ARM_GCC_541\Debug\lab4.a(ADC_Ext_CP_Clk.o)
 .debug_info    0x000045f6      0x2c4 .\CortexM3\ARM_GCC_541\Debug\lab4.a(ADC_theACLK.o)
 .debug_info    0x000048ba      0x995 .\CortexM3\ARM_GCC_541\Debug\lab4.a(USBUART.o)
 .debug_info    0x0000524f      0xaf7 .\CortexM3\ARM_GCC_541\Debug\lab4.a(USBUART_cdc.o)
 .debug_info    0x00005d46      0x655 .\CortexM3\ARM_GCC_541\Debug\lab4.a(USBUART_drv.o)
 .debug_info    0x0000639b      0x254 .\CortexM3\ARM_GCC_541\Debug\lab4.a(USBUART_episr.o)
 .debug_info    0x000065ef      0x2e4 .\CortexM3\ARM_GCC_541\Debug\lab4.a(USBUART_pm.o)
 .debug_info    0x000068d3      0xb26 .\CortexM3\ARM_GCC_541\Debug\lab4.a(USBUART_std.o)
 .debug_info    0x000073f9       0xed .\CortexM3\ARM_GCC_541\Debug\lab4.a(USBUART_vnd.o)
 .debug_info    0x000074e6      0x174 .\CortexM3\ARM_GCC_541\Debug\lab4.a(USBUART_Dp.o)
 .debug_info    0x0000765a      0x1e0 .\CortexM3\ARM_GCC_541\Debug\lab4.a(VDAC.o)
 .debug_info    0x0000783a       0x86 .\CortexM3\ARM_GCC_541\Debug\lab4.a(CyBootAsmGnu.o)
 .debug_info    0x000078c0      0x64d .\CortexM3\ARM_GCC_541\Debug\lab4.a(CyFlash.o)
 .debug_info    0x00007f0d      0x550 .\CortexM3\ARM_GCC_541\Debug\lab4.a(CySpc.o)
 .debug_info    0x0000845d      0x1de .\CortexM3\ARM_GCC_541\Debug\lab4.a(USBUART_cls.o)
 .debug_info    0x0000863b      0x2a3 .\CortexM3\ARM_GCC_541\Debug\lab4.a(USBUART_descr.o)

.debug_abbrev   0x00000000     0x221d
 *(.debug_abbrev)
 .debug_abbrev  0x00000000      0x116 .\CortexM3\ARM_GCC_541\Debug\main.o
 .debug_abbrev  0x00000116      0x20d .\CortexM3\ARM_GCC_541\Debug\cyfitter_cfg.o
 .debug_abbrev  0x00000323       0x77 .\CortexM3\ARM_GCC_541\Debug\cymetadata.o
 .debug_abbrev  0x0000039a      0x1e8 .\CortexM3\ARM_GCC_541\Debug\Cm3Start.o
 .debug_abbrev  0x00000582      0x157 .\CortexM3\ARM_GCC_541\Debug\lab4.a(LCD.o)
 .debug_abbrev  0x000006d9      0x254 .\CortexM3\ARM_GCC_541\Debug\lab4.a(CyLib.o)
 .debug_abbrev  0x0000092d      0x1ab .\CortexM3\ARM_GCC_541\Debug\lab4.a(cyPm.o)
 .debug_abbrev  0x00000ad8       0xf6 .\CortexM3\ARM_GCC_541\Debug\lab4.a(PGA.o)
 .debug_abbrev  0x00000bce       0xb2 .\CortexM3\ARM_GCC_541\Debug\lab4.a(Opamp.o)
 .debug_abbrev  0x00000c80      0x1eb .\CortexM3\ARM_GCC_541\Debug\lab4.a(ADC.o)
 .debug_abbrev  0x00000e6b       0x42 .\CortexM3\ARM_GCC_541\Debug\lab4.a(ADC_INT.o)
 .debug_abbrev  0x00000ead      0x139 .\CortexM3\ARM_GCC_541\Debug\lab4.a(ADC_Ext_CP_Clk.o)
 .debug_abbrev  0x00000fe6      0x121 .\CortexM3\ARM_GCC_541\Debug\lab4.a(ADC_theACLK.o)
 .debug_abbrev  0x00001107      0x215 .\CortexM3\ARM_GCC_541\Debug\lab4.a(USBUART.o)
 .debug_abbrev  0x0000131c      0x245 .\CortexM3\ARM_GCC_541\Debug\lab4.a(USBUART_cdc.o)
 .debug_abbrev  0x00001561      0x189 .\CortexM3\ARM_GCC_541\Debug\lab4.a(USBUART_drv.o)
 .debug_abbrev  0x000016ea      0x11b .\CortexM3\ARM_GCC_541\Debug\lab4.a(USBUART_episr.o)
 .debug_abbrev  0x00001805      0x108 .\CortexM3\ARM_GCC_541\Debug\lab4.a(USBUART_pm.o)
 .debug_abbrev  0x0000190d      0x20a .\CortexM3\ARM_GCC_541\Debug\lab4.a(USBUART_std.o)
 .debug_abbrev  0x00001b17       0x9b .\CortexM3\ARM_GCC_541\Debug\lab4.a(USBUART_vnd.o)
 .debug_abbrev  0x00001bb2       0x90 .\CortexM3\ARM_GCC_541\Debug\lab4.a(USBUART_Dp.o)
 .debug_abbrev  0x00001c42       0xf7 .\CortexM3\ARM_GCC_541\Debug\lab4.a(VDAC.o)
 .debug_abbrev  0x00001d39       0x14 .\CortexM3\ARM_GCC_541\Debug\lab4.a(CyBootAsmGnu.o)
 .debug_abbrev  0x00001d4d      0x1a7 .\CortexM3\ARM_GCC_541\Debug\lab4.a(CyFlash.o)
 .debug_abbrev  0x00001ef4      0x194 .\CortexM3\ARM_GCC_541\Debug\lab4.a(CySpc.o)
 .debug_abbrev  0x00002088       0xe1 .\CortexM3\ARM_GCC_541\Debug\lab4.a(USBUART_cls.o)
 .debug_abbrev  0x00002169       0xb4 .\CortexM3\ARM_GCC_541\Debug\lab4.a(USBUART_descr.o)

.debug_line     0x00000000     0x337e
 *(.debug_line)
 .debug_line    0x00000000      0x24e .\CortexM3\ARM_GCC_541\Debug\main.o
 .debug_line    0x0000024e      0x205 .\CortexM3\ARM_GCC_541\Debug\cyfitter_cfg.o
 .debug_line    0x00000453      0x141 .\CortexM3\ARM_GCC_541\Debug\cymetadata.o
 .debug_line    0x00000594      0x234 .\CortexM3\ARM_GCC_541\Debug\Cm3Start.o
 .debug_line    0x000007c8      0x1dc .\CortexM3\ARM_GCC_541\Debug\lab4.a(LCD.o)
 .debug_line    0x000009a4      0x816 .\CortexM3\ARM_GCC_541\Debug\lab4.a(CyLib.o)
 .debug_line    0x000011ba      0x367 .\CortexM3\ARM_GCC_541\Debug\lab4.a(cyPm.o)
 .debug_line    0x00001521       0xca .\CortexM3\ARM_GCC_541\Debug\lab4.a(PGA.o)
 .debug_line    0x000015eb       0xa8 .\CortexM3\ARM_GCC_541\Debug\lab4.a(Opamp.o)
 .debug_line    0x00001693      0x3a7 .\CortexM3\ARM_GCC_541\Debug\lab4.a(ADC.o)
 .debug_line    0x00001a3a       0x80 .\CortexM3\ARM_GCC_541\Debug\lab4.a(ADC_INT.o)
 .debug_line    0x00001aba      0x17d .\CortexM3\ARM_GCC_541\Debug\lab4.a(ADC_Ext_CP_Clk.o)
 .debug_line    0x00001c37      0x19d .\CortexM3\ARM_GCC_541\Debug\lab4.a(ADC_theACLK.o)
 .debug_line    0x00001dd4      0x2dc .\CortexM3\ARM_GCC_541\Debug\lab4.a(USBUART.o)
 .debug_line    0x000020b0      0x2f2 .\CortexM3\ARM_GCC_541\Debug\lab4.a(USBUART_cdc.o)
 .debug_line    0x000023a2      0x221 .\CortexM3\ARM_GCC_541\Debug\lab4.a(USBUART_drv.o)
 .debug_line    0x000025c3       0xe6 .\CortexM3\ARM_GCC_541\Debug\lab4.a(USBUART_episr.o)
 .debug_line    0x000026a9      0x10e .\CortexM3\ARM_GCC_541\Debug\lab4.a(USBUART_pm.o)
 .debug_line    0x000027b7      0x3e2 .\CortexM3\ARM_GCC_541\Debug\lab4.a(USBUART_std.o)
 .debug_line    0x00002b99       0x73 .\CortexM3\ARM_GCC_541\Debug\lab4.a(USBUART_vnd.o)
 .debug_line    0x00002c0c       0xbb .\CortexM3\ARM_GCC_541\Debug\lab4.a(USBUART_Dp.o)
 .debug_line    0x00002cc7       0xe1 .\CortexM3\ARM_GCC_541\Debug\lab4.a(VDAC.o)
 .debug_line    0x00002da8       0x66 .\CortexM3\ARM_GCC_541\Debug\lab4.a(CyBootAsmGnu.o)
 .debug_line    0x00002e0e      0x21a .\CortexM3\ARM_GCC_541\Debug\lab4.a(CyFlash.o)
 .debug_line    0x00003028      0x260 .\CortexM3\ARM_GCC_541\Debug\lab4.a(CySpc.o)
 .debug_line    0x00003288       0x95 .\CortexM3\ARM_GCC_541\Debug\lab4.a(USBUART_cls.o)
 .debug_line    0x0000331d       0x61 .\CortexM3\ARM_GCC_541\Debug\lab4.a(USBUART_descr.o)

.debug_frame    0x00000000     0x29cc
 *(.debug_frame)
 .debug_frame   0x00000000       0x30 .\CortexM3\ARM_GCC_541\Debug\main.o
 .debug_frame   0x00000030       0xe4 .\CortexM3\ARM_GCC_541\Debug\cyfitter_cfg.o
 .debug_frame   0x00000114       0xb8 .\CortexM3\ARM_GCC_541\Debug\Cm3Start.o
 .debug_frame   0x000001cc      0x1e8 .\CortexM3\ARM_GCC_541\Debug\lab4.a(LCD.o)
 .debug_frame   0x000003b4      0x738 .\CortexM3\ARM_GCC_541\Debug\lab4.a(CyLib.o)
 .debug_frame   0x00000aec      0x1f8 .\CortexM3\ARM_GCC_541\Debug\lab4.a(cyPm.o)
 .debug_frame   0x00000ce4       0x9c .\CortexM3\ARM_GCC_541\Debug\lab4.a(PGA.o)
 .debug_frame   0x00000d80       0x78 .\CortexM3\ARM_GCC_541\Debug\lab4.a(Opamp.o)
 .debug_frame   0x00000df8      0x284 .\CortexM3\ARM_GCC_541\Debug\lab4.a(ADC.o)
 .debug_frame   0x0000107c       0x50 .\CortexM3\ARM_GCC_541\Debug\lab4.a(ADC_INT.o)
 .debug_frame   0x000010cc       0xe0 .\CortexM3\ARM_GCC_541\Debug\lab4.a(ADC_Ext_CP_Clk.o)
 .debug_frame   0x000011ac      0x100 .\CortexM3\ARM_GCC_541\Debug\lab4.a(ADC_theACLK.o)
 .debug_frame   0x000012ac      0x1dc .\CortexM3\ARM_GCC_541\Debug\lab4.a(USBUART.o)
 .debug_frame   0x00001488      0x27c .\CortexM3\ARM_GCC_541\Debug\lab4.a(USBUART_cdc.o)
 .debug_frame   0x00001704      0x194 .\CortexM3\ARM_GCC_541\Debug\lab4.a(USBUART_drv.o)
 .debug_frame   0x00001898       0x6c .\CortexM3\ARM_GCC_541\Debug\lab4.a(USBUART_episr.o)
 .debug_frame   0x00001904       0xa0 .\CortexM3\ARM_GCC_541\Debug\lab4.a(USBUART_pm.o)
 .debug_frame   0x000019a4      0x17c .\CortexM3\ARM_GCC_541\Debug\lab4.a(USBUART_std.o)
 .debug_frame   0x00001b20       0x20 .\CortexM3\ARM_GCC_541\Debug\lab4.a(USBUART_vnd.o)
 .debug_frame   0x00001b40       0x70 .\CortexM3\ARM_GCC_541\Debug\lab4.a(USBUART_Dp.o)
 .debug_frame   0x00001bb0       0xb4 .\CortexM3\ARM_GCC_541\Debug\lab4.a(VDAC.o)
 .debug_frame   0x00001c64      0x194 .\CortexM3\ARM_GCC_541\Debug\lab4.a(CyFlash.o)
 .debug_frame   0x00001df8      0x180 .\CortexM3\ARM_GCC_541\Debug\lab4.a(CySpc.o)
 .debug_frame   0x00001f78       0x2c .\CortexM3\ARM_GCC_541\Debug\lab4.a(USBUART_cls.o)
 .debug_frame   0x00001fa4       0x20 c:/program files (x86)/cypress/psoc creator/4.4/psoc creator/import/gnu/arm/5.4.1/bin/../lib/gcc/arm-none-eabi/5.4.1/../../../../arm-none-eabi/lib/armv7-m\libg_nano.a(lib_a-errno.o)
 .debug_frame   0x00001fc4       0x28 c:/program files (x86)/cypress/psoc creator/4.4/psoc creator/import/gnu/arm/5.4.1/bin/../lib/gcc/arm-none-eabi/5.4.1/../../../../arm-none-eabi/lib/armv7-m\libg_nano.a(lib_a-exit.o)
 .debug_frame   0x00001fec       0x2c c:/program files (x86)/cypress/psoc creator/4.4/psoc creator/import/gnu/arm/5.4.1/bin/../lib/gcc/arm-none-eabi/5.4.1/../../../../arm-none-eabi/lib/armv7-m\libg_nano.a(lib_a-init.o)
 .debug_frame   0x00002018       0x28 c:/program files (x86)/cypress/psoc creator/4.4/psoc creator/import/gnu/arm/5.4.1/bin/../lib/gcc/arm-none-eabi/5.4.1/../../../../arm-none-eabi/lib/armv7-m\libg_nano.a(lib_a-memcpy-stub.o)
 .debug_frame   0x00002040       0x20 c:/program files (x86)/cypress/psoc creator/4.4/psoc creator/import/gnu/arm/5.4.1/bin/../lib/gcc/arm-none-eabi/5.4.1/../../../../arm-none-eabi/lib/armv7-m\libg_nano.a(lib_a-memset.o)
 .debug_frame   0x00002060       0x74 c:/program files (x86)/cypress/psoc creator/4.4/psoc creator/import/gnu/arm/5.4.1/bin/../lib/gcc/arm-none-eabi/5.4.1/../../../../arm-none-eabi/lib/armv7-m\libg_nano.a(lib_a-printf.o)
 .debug_frame   0x000020d4       0x70 c:/program files (x86)/cypress/psoc creator/4.4/psoc creator/import/gnu/arm/5.4.1/bin/../lib/gcc/arm-none-eabi/5.4.1/../../../../arm-none-eabi/lib/armv7-m\libg_nano.a(lib_a-sprintf.o)
 .debug_frame   0x00002144      0x11c c:/program files (x86)/cypress/psoc creator/4.4/psoc creator/import/gnu/arm/5.4.1/bin/../lib/gcc/arm-none-eabi/5.4.1/../../../../arm-none-eabi/lib/armv7-m\libg_nano.a(lib_a-findfp.o)
 .debug_frame   0x00002260       0x54 c:/program files (x86)/cypress/psoc creator/4.4/psoc creator/import/gnu/arm/5.4.1/bin/../lib/gcc/arm-none-eabi/5.4.1/../../../../arm-none-eabi/lib/armv7-m\libg_nano.a(lib_a-fwalk.o)
 .debug_frame   0x000022b4       0x2c c:/program files (x86)/cypress/psoc creator/4.4/psoc creator/import/gnu/arm/5.4.1/bin/../lib/gcc/arm-none-eabi/5.4.1/../../../../arm-none-eabi/lib/armv7-m\libg_nano.a(lib_a-nano-mallocr.o)
 .debug_frame   0x000022e0       0x90 c:/program files (x86)/cypress/psoc creator/4.4/psoc creator/import/gnu/arm/5.4.1/bin/../lib/gcc/arm-none-eabi/5.4.1/../../../../arm-none-eabi/lib/armv7-m\libg_nano.a(lib_a-nano-svfprintf.o)
 .debug_frame   0x00002370       0xac c:/program files (x86)/cypress/psoc creator/4.4/psoc creator/import/gnu/arm/5.4.1/bin/../lib/gcc/arm-none-eabi/5.4.1/../../../../arm-none-eabi/lib/armv7-m\libg_nano.a(lib_a-nano-vfprintf.o)
 .debug_frame   0x0000241c       0x60 c:/program files (x86)/cypress/psoc creator/4.4/psoc creator/import/gnu/arm/5.4.1/bin/../lib/gcc/arm-none-eabi/5.4.1/../../../../arm-none-eabi/lib/armv7-m\libg_nano.a(lib_a-nano-vfprintf_i.o)
 .debug_frame   0x0000247c       0x2c c:/program files (x86)/cypress/psoc creator/4.4/psoc creator/import/gnu/arm/5.4.1/bin/../lib/gcc/arm-none-eabi/5.4.1/../../../../arm-none-eabi/lib/armv7-m\libg_nano.a(lib_a-sbrkr.o)
 .debug_frame   0x000024a8       0x88 c:/program files (x86)/cypress/psoc creator/4.4/psoc creator/import/gnu/arm/5.4.1/bin/../lib/gcc/arm-none-eabi/5.4.1/../../../../arm-none-eabi/lib/armv7-m\libg_nano.a(lib_a-stdio.o)
 .debug_frame   0x00002530       0x40 c:/program files (x86)/cypress/psoc creator/4.4/psoc creator/import/gnu/arm/5.4.1/bin/../lib/gcc/arm-none-eabi/5.4.1/../../../../arm-none-eabi/lib/armv7-m\libg_nano.a(lib_a-wbuf.o)
 .debug_frame   0x00002570       0x2c c:/program files (x86)/cypress/psoc creator/4.4/psoc creator/import/gnu/arm/5.4.1/bin/../lib/gcc/arm-none-eabi/5.4.1/../../../../arm-none-eabi/lib/armv7-m\libg_nano.a(lib_a-writer.o)
 .debug_frame   0x0000259c       0x2c c:/program files (x86)/cypress/psoc creator/4.4/psoc creator/import/gnu/arm/5.4.1/bin/../lib/gcc/arm-none-eabi/5.4.1/../../../../arm-none-eabi/lib/armv7-m\libg_nano.a(lib_a-wsetup.o)
 .debug_frame   0x000025c8       0x2c c:/program files (x86)/cypress/psoc creator/4.4/psoc creator/import/gnu/arm/5.4.1/bin/../lib/gcc/arm-none-eabi/5.4.1/../../../../arm-none-eabi/lib/armv7-m\libg_nano.a(lib_a-closer.o)
 .debug_frame   0x000025f4       0x68 c:/program files (x86)/cypress/psoc creator/4.4/psoc creator/import/gnu/arm/5.4.1/bin/../lib/gcc/arm-none-eabi/5.4.1/../../../../arm-none-eabi/lib/armv7-m\libg_nano.a(lib_a-fflush.o)
 .debug_frame   0x0000265c       0x3c c:/program files (x86)/cypress/psoc creator/4.4/psoc creator/import/gnu/arm/5.4.1/bin/../lib/gcc/arm-none-eabi/5.4.1/../../../../arm-none-eabi/lib/armv7-m\libg_nano.a(lib_a-fvwrite.o)
 .debug_frame   0x00002698       0x2c c:/program files (x86)/cypress/psoc creator/4.4/psoc creator/import/gnu/arm/5.4.1/bin/../lib/gcc/arm-none-eabi/5.4.1/../../../../arm-none-eabi/lib/armv7-m\libg_nano.a(lib_a-lseekr.o)
 .debug_frame   0x000026c4       0x54 c:/program files (x86)/cypress/psoc creator/4.4/psoc creator/import/gnu/arm/5.4.1/bin/../lib/gcc/arm-none-eabi/5.4.1/../../../../arm-none-eabi/lib/armv7-m\libg_nano.a(lib_a-makebuf.o)
 .debug_frame   0x00002718       0x28 c:/program files (x86)/cypress/psoc creator/4.4/psoc creator/import/gnu/arm/5.4.1/bin/../lib/gcc/arm-none-eabi/5.4.1/../../../../arm-none-eabi/lib/armv7-m\libg_nano.a(lib_a-memchr-stub.o)
 .debug_frame   0x00002740       0x28 c:/program files (x86)/cypress/psoc creator/4.4/psoc creator/import/gnu/arm/5.4.1/bin/../lib/gcc/arm-none-eabi/5.4.1/../../../../arm-none-eabi/lib/armv7-m\libg_nano.a(lib_a-memmove.o)
 .debug_frame   0x00002768       0x30 c:/program files (x86)/cypress/psoc creator/4.4/psoc creator/import/gnu/arm/5.4.1/bin/../lib/gcc/arm-none-eabi/5.4.1/../../../../arm-none-eabi/lib/armv7-m\libg_nano.a(lib_a-mlock.o)
 .debug_frame   0x00002798       0x38 c:/program files (x86)/cypress/psoc creator/4.4/psoc creator/import/gnu/arm/5.4.1/bin/../lib/gcc/arm-none-eabi/5.4.1/../../../../arm-none-eabi/lib/armv7-m\libg_nano.a(lib_a-nano-freer.o)
 .debug_frame   0x000027d0       0x3c c:/program files (x86)/cypress/psoc creator/4.4/psoc creator/import/gnu/arm/5.4.1/bin/../lib/gcc/arm-none-eabi/5.4.1/../../../../arm-none-eabi/lib/armv7-m\libg_nano.a(lib_a-nano-reallocr.o)
 .debug_frame   0x0000280c       0x2c c:/program files (x86)/cypress/psoc creator/4.4/psoc creator/import/gnu/arm/5.4.1/bin/../lib/gcc/arm-none-eabi/5.4.1/../../../../arm-none-eabi/lib/armv7-m\libg_nano.a(lib_a-readr.o)
 .debug_frame   0x00002838       0x5c c:/program files (x86)/cypress/psoc creator/4.4/psoc creator/import/gnu/arm/5.4.1/bin/../lib/gcc/arm-none-eabi/5.4.1/../../../../arm-none-eabi/lib/armv7-m\libg_nano.a(lib_a-reent.o)
 .debug_frame   0x00002894       0x2c c:/program files (x86)/cypress/psoc creator/4.4/psoc creator/import/gnu/arm/5.4.1/bin/../lib/gcc/arm-none-eabi/5.4.1/../../../../arm-none-eabi/lib/armv7-m\libg_nano.a(lib_a-fstatr.o)
 .debug_frame   0x000028c0       0x2c c:/program files (x86)/cypress/psoc creator/4.4/psoc creator/import/gnu/arm/5.4.1/bin/../lib/gcc/arm-none-eabi/5.4.1/../../../../arm-none-eabi/lib/armv7-m\libg_nano.a(lib_a-isattyr.o)
 .debug_frame   0x000028ec       0x20 c:/program files (x86)/cypress/psoc creator/4.4/psoc creator/import/gnu/arm/5.4.1/bin/../lib/gcc/arm-none-eabi/5.4.1/../../../../arm-none-eabi/lib/armv7-m\libg_nano.a(lib_a-nano-msizer.o)
 .debug_frame   0x0000290c       0x20 c:/program files (x86)/cypress/psoc creator/4.4/psoc creator/import/gnu/arm/5.4.1/bin/../lib/gcc/arm-none-eabi/5.4.1/../../../../arm-none-eabi/lib/armv7-m\libnosys.a(close.o)
 .debug_frame   0x0000292c       0x20 c:/program files (x86)/cypress/psoc creator/4.4/psoc creator/import/gnu/arm/5.4.1/bin/../lib/gcc/arm-none-eabi/5.4.1/../../../../arm-none-eabi/lib/armv7-m\libnosys.a(fstat.o)
 .debug_frame   0x0000294c       0x20 c:/program files (x86)/cypress/psoc creator/4.4/psoc creator/import/gnu/arm/5.4.1/bin/../lib/gcc/arm-none-eabi/5.4.1/../../../../arm-none-eabi/lib/armv7-m\libnosys.a(isatty.o)
 .debug_frame   0x0000296c       0x20 c:/program files (x86)/cypress/psoc creator/4.4/psoc creator/import/gnu/arm/5.4.1/bin/../lib/gcc/arm-none-eabi/5.4.1/../../../../arm-none-eabi/lib/armv7-m\libnosys.a(lseek.o)
 .debug_frame   0x0000298c       0x20 c:/program files (x86)/cypress/psoc creator/4.4/psoc creator/import/gnu/arm/5.4.1/bin/../lib/gcc/arm-none-eabi/5.4.1/../../../../arm-none-eabi/lib/armv7-m\libnosys.a(read.o)
 .debug_frame   0x000029ac       0x20 c:/program files (x86)/cypress/psoc creator/4.4/psoc creator/import/gnu/arm/5.4.1/bin/../lib/gcc/arm-none-eabi/5.4.1/../../../../arm-none-eabi/lib/armv7-m\libnosys.a(write.o)

.debug_str      0x00000000     0x2df6
 *(.debug_str)
 .debug_str     0x00000000      0x280 .\CortexM3\ARM_GCC_541\Debug\main.o
                                0x2cf (size before relaxing)
 .debug_str     0x00000280      0x1b5 .\CortexM3\ARM_GCC_541\Debug\cyfitter_cfg.o
                                0x33a (size before relaxing)
 .debug_str     0x00000435       0x7f .\CortexM3\ARM_GCC_541\Debug\cymetadata.o
                                0x1da (size before relaxing)
 .debug_str     0x000004b4      0x144 .\CortexM3\ARM_GCC_541\Debug\Cm3Start.o
                                0x300 (size before relaxing)
 .debug_str     0x000005f8      0x12f .\CortexM3\ARM_GCC_541\Debug\lab4.a(LCD.o)
                                0x321 (size before relaxing)
 .debug_str     0x00000727      0x833 .\CortexM3\ARM_GCC_541\Debug\lab4.a(CyLib.o)
                                0xa3d (size before relaxing)
 .debug_str     0x00000f5a      0x365 .\CortexM3\ARM_GCC_541\Debug\lab4.a(cyPm.o)
                                0x729 (size before relaxing)
 .debug_str     0x000012bf       0x8b .\CortexM3\ARM_GCC_541\Debug\lab4.a(PGA.o)
                                0x211 (size before relaxing)
 .debug_str     0x0000134a       0x5f .\CortexM3\ARM_GCC_541\Debug\lab4.a(Opamp.o)
                                0x1ed (size before relaxing)
 .debug_str     0x000013a9      0x31e .\CortexM3\ARM_GCC_541\Debug\lab4.a(ADC.o)
                                0x5af (size before relaxing)
 .debug_str     0x000016c7       0x45 .\CortexM3\ARM_GCC_541\Debug\lab4.a(ADC_INT.o)
                                0x1b6 (size before relaxing)
 .debug_str     0x0000170c      0x16d .\CortexM3\ARM_GCC_541\Debug\lab4.a(ADC_Ext_CP_Clk.o)
                                0x338 (size before relaxing)
 .debug_str     0x00001879      0x14f .\CortexM3\ARM_GCC_541\Debug\lab4.a(ADC_theACLK.o)
                                0x357 (size before relaxing)
 .debug_str     0x000019c8      0x40a .\CortexM3\ARM_GCC_541\Debug\lab4.a(USBUART.o)
                                0x660 (size before relaxing)
 .debug_str     0x00001dd2      0x50d .\CortexM3\ARM_GCC_541\Debug\lab4.a(USBUART_cdc.o)
                                0x7c7 (size before relaxing)
 .debug_str     0x000022df      0x291 .\CortexM3\ARM_GCC_541\Debug\lab4.a(USBUART_drv.o)
                                0x63e (size before relaxing)
 .debug_str     0x00002570       0x80 .\CortexM3\ARM_GCC_541\Debug\lab4.a(USBUART_episr.o)
                                0x2d5 (size before relaxing)
 .debug_str     0x000025f0       0xc6 .\CortexM3\ARM_GCC_541\Debug\lab4.a(USBUART_pm.o)
                                0x2e6 (size before relaxing)
 .debug_str     0x000026b6      0x259 .\CortexM3\ARM_GCC_541\Debug\lab4.a(USBUART_std.o)
                                0x7ad (size before relaxing)
 .debug_str     0x0000290f       0x25 .\CortexM3\ARM_GCC_541\Debug\lab4.a(USBUART_vnd.o)
                                0x1e3 (size before relaxing)
 .debug_str     0x00002934       0xa4 .\CortexM3\ARM_GCC_541\Debug\lab4.a(USBUART_Dp.o)
                                0x237 (size before relaxing)
 .debug_str     0x000029d8       0x8e .\CortexM3\ARM_GCC_541\Debug\lab4.a(VDAC.o)
                                0x20b (size before relaxing)
 .debug_str     0x00002a66      0x1bb .\CortexM3\ARM_GCC_541\Debug\lab4.a(CyFlash.o)
                                0x3b6 (size before relaxing)
 .debug_str     0x00002c21       0xac .\CortexM3\ARM_GCC_541\Debug\lab4.a(CySpc.o)
                                0x32e (size before relaxing)
 .debug_str     0x00002ccd       0x25 .\CortexM3\ARM_GCC_541\Debug\lab4.a(USBUART_cls.o)
                                0x2a2 (size before relaxing)
 .debug_str     0x00002cf2      0x104 .\CortexM3\ARM_GCC_541\Debug\lab4.a(USBUART_descr.o)
                                0x34f (size before relaxing)

.debug_loc      0x00000000     0x3d37
 *(.debug_loc)
 .debug_loc     0x00000000       0x31 .\CortexM3\ARM_GCC_541\Debug\main.o
 .debug_loc     0x00000031      0x25a .\CortexM3\ARM_GCC_541\Debug\cyfitter_cfg.o
 .debug_loc     0x0000028b      0x144 .\CortexM3\ARM_GCC_541\Debug\Cm3Start.o
 .debug_loc     0x000003cf      0x3c6 .\CortexM3\ARM_GCC_541\Debug\lab4.a(LCD.o)
 .debug_loc     0x00000795      0xa11 .\CortexM3\ARM_GCC_541\Debug\lab4.a(CyLib.o)
 .debug_loc     0x000011a6      0x1e4 .\CortexM3\ARM_GCC_541\Debug\lab4.a(cyPm.o)
 .debug_loc     0x0000138a       0x60 .\CortexM3\ARM_GCC_541\Debug\lab4.a(PGA.o)
 .debug_loc     0x000013ea       0x21 .\CortexM3\ARM_GCC_541\Debug\lab4.a(Opamp.o)
 .debug_loc     0x0000140b      0x681 .\CortexM3\ARM_GCC_541\Debug\lab4.a(ADC.o)
 .debug_loc     0x00001a8c      0x12c .\CortexM3\ARM_GCC_541\Debug\lab4.a(ADC_Ext_CP_Clk.o)
 .debug_loc     0x00001bb8      0x14d .\CortexM3\ARM_GCC_541\Debug\lab4.a(ADC_theACLK.o)
 .debug_loc     0x00001d05      0x3e1 .\CortexM3\ARM_GCC_541\Debug\lab4.a(USBUART.o)
 .debug_loc     0x000020e6      0x557 .\CortexM3\ARM_GCC_541\Debug\lab4.a(USBUART_cdc.o)
 .debug_loc     0x0000263d      0x171 .\CortexM3\ARM_GCC_541\Debug\lab4.a(USBUART_drv.o)
 .debug_loc     0x000027ae       0x26 .\CortexM3\ARM_GCC_541\Debug\lab4.a(USBUART_pm.o)
 .debug_loc     0x000027d4      0x945 .\CortexM3\ARM_GCC_541\Debug\lab4.a(USBUART_std.o)
 .debug_loc     0x00003119       0x84 .\CortexM3\ARM_GCC_541\Debug\lab4.a(USBUART_Dp.o)
 .debug_loc     0x0000319d       0x79 .\CortexM3\ARM_GCC_541\Debug\lab4.a(VDAC.o)
 .debug_loc     0x00003216      0x3b2 .\CortexM3\ARM_GCC_541\Debug\lab4.a(CyFlash.o)
 .debug_loc     0x000035c8      0x705 .\CortexM3\ARM_GCC_541\Debug\lab4.a(CySpc.o)
 .debug_loc     0x00003ccd       0x6a .\CortexM3\ARM_GCC_541\Debug\lab4.a(USBUART_cls.o)

.debug_macinfo
 *(.debug_macinfo)

.debug_ranges   0x00000000      0xaf0
 *(.debug_ranges)
 .debug_ranges  0x00000000       0x10 .\CortexM3\ARM_GCC_541\Debug\main.o
 .debug_ranges  0x00000010       0x48 .\CortexM3\ARM_GCC_541\Debug\cyfitter_cfg.o
 .debug_ranges  0x00000058       0x38 .\CortexM3\ARM_GCC_541\Debug\Cm3Start.o
 .debug_ranges  0x00000090       0x88 .\CortexM3\ARM_GCC_541\Debug\lab4.a(LCD.o)
 .debug_ranges  0x00000118      0x290 .\CortexM3\ARM_GCC_541\Debug\lab4.a(CyLib.o)
 .debug_ranges  0x000003a8       0x88 .\CortexM3\ARM_GCC_541\Debug\lab4.a(cyPm.o)
 .debug_ranges  0x00000430       0x38 .\CortexM3\ARM_GCC_541\Debug\lab4.a(PGA.o)
 .debug_ranges  0x00000468       0x30 .\CortexM3\ARM_GCC_541\Debug\lab4.a(Opamp.o)
 .debug_ranges  0x00000498       0xd8 .\CortexM3\ARM_GCC_541\Debug\lab4.a(ADC.o)
 .debug_ranges  0x00000570       0x28 .\CortexM3\ARM_GCC_541\Debug\lab4.a(ADC_INT.o)
 .debug_ranges  0x00000598       0x60 .\CortexM3\ARM_GCC_541\Debug\lab4.a(ADC_Ext_CP_Clk.o)
 .debug_ranges  0x000005f8       0x70 .\CortexM3\ARM_GCC_541\Debug\lab4.a(ADC_theACLK.o)
 .debug_ranges  0x00000668       0xd0 .\CortexM3\ARM_GCC_541\Debug\lab4.a(USBUART.o)
 .debug_ranges  0x00000738       0xd8 .\CortexM3\ARM_GCC_541\Debug\lab4.a(USBUART_cdc.o)
 .debug_ranges  0x00000810       0x88 .\CortexM3\ARM_GCC_541\Debug\lab4.a(USBUART_drv.o)
 .debug_ranges  0x00000898       0x30 .\CortexM3\ARM_GCC_541\Debug\lab4.a(USBUART_episr.o)
 .debug_ranges  0x000008c8       0x30 .\CortexM3\ARM_GCC_541\Debug\lab4.a(USBUART_pm.o)
 .debug_ranges  0x000008f8       0x70 .\CortexM3\ARM_GCC_541\Debug\lab4.a(USBUART_std.o)
 .debug_ranges  0x00000968       0x10 .\CortexM3\ARM_GCC_541\Debug\lab4.a(USBUART_vnd.o)
 .debug_ranges  0x00000978       0x38 .\CortexM3\ARM_GCC_541\Debug\lab4.a(USBUART_Dp.o)
 .debug_ranges  0x000009b0       0x48 .\CortexM3\ARM_GCC_541\Debug\lab4.a(VDAC.o)
 .debug_ranges  0x000009f8       0x78 .\CortexM3\ARM_GCC_541\Debug\lab4.a(CyFlash.o)
 .debug_ranges  0x00000a70       0x70 .\CortexM3\ARM_GCC_541\Debug\lab4.a(CySpc.o)
 .debug_ranges  0x00000ae0       0x10 .\CortexM3\ARM_GCC_541\Debug\lab4.a(USBUART_cls.o)

.comment        0x00000000       0x6e
 .comment       0x00000000       0x6e .\CortexM3\ARM_GCC_541\Debug\main.o
                                 0x6f (size before relaxing)
 .comment       0x0000006e       0x6f .\CortexM3\ARM_GCC_541\Debug\cyfitter_cfg.o
 .comment       0x0000006e       0x6f .\CortexM3\ARM_GCC_541\Debug\cymetadata.o
 .comment       0x0000006e       0x6f .\CortexM3\ARM_GCC_541\Debug\Cm3Start.o
 .comment       0x0000006e       0x6f .\CortexM3\ARM_GCC_541\Debug\lab4.a(LCD.o)
 .comment       0x0000006e       0x6f .\CortexM3\ARM_GCC_541\Debug\lab4.a(CyLib.o)
 .comment       0x0000006e       0x6f .\CortexM3\ARM_GCC_541\Debug\lab4.a(cyPm.o)
 .comment       0x0000006e       0x6f .\CortexM3\ARM_GCC_541\Debug\lab4.a(PGA.o)
 .comment       0x0000006e       0x6f .\CortexM3\ARM_GCC_541\Debug\lab4.a(Opamp.o)
 .comment       0x0000006e       0x6f .\CortexM3\ARM_GCC_541\Debug\lab4.a(ADC.o)
 .comment       0x0000006e       0x6f .\CortexM3\ARM_GCC_541\Debug\lab4.a(ADC_INT.o)
 .comment       0x0000006e       0x6f .\CortexM3\ARM_GCC_541\Debug\lab4.a(ADC_Ext_CP_Clk.o)
 .comment       0x0000006e       0x6f .\CortexM3\ARM_GCC_541\Debug\lab4.a(ADC_theACLK.o)
 .comment       0x0000006e       0x6f .\CortexM3\ARM_GCC_541\Debug\lab4.a(USBUART.o)
 .comment       0x0000006e       0x6f .\CortexM3\ARM_GCC_541\Debug\lab4.a(USBUART_cdc.o)
 .comment       0x0000006e       0x6f .\CortexM3\ARM_GCC_541\Debug\lab4.a(USBUART_drv.o)
 .comment       0x0000006e       0x6f .\CortexM3\ARM_GCC_541\Debug\lab4.a(USBUART_episr.o)
 .comment       0x0000006e       0x6f .\CortexM3\ARM_GCC_541\Debug\lab4.a(USBUART_pm.o)
 .comment       0x0000006e       0x6f .\CortexM3\ARM_GCC_541\Debug\lab4.a(USBUART_std.o)
 .comment       0x0000006e       0x6f .\CortexM3\ARM_GCC_541\Debug\lab4.a(USBUART_vnd.o)
 .comment       0x0000006e       0x6f .\CortexM3\ARM_GCC_541\Debug\lab4.a(USBUART_Dp.o)
 .comment       0x0000006e       0x6f .\CortexM3\ARM_GCC_541\Debug\lab4.a(VDAC.o)
 .comment       0x0000006e       0x6f .\CortexM3\ARM_GCC_541\Debug\lab4.a(CyFlash.o)
 .comment       0x0000006e       0x6f .\CortexM3\ARM_GCC_541\Debug\lab4.a(CySpc.o)
 .comment       0x0000006e       0x6f .\CortexM3\ARM_GCC_541\Debug\lab4.a(USBUART_cls.o)
 .comment       0x0000006e       0x6f .\CortexM3\ARM_GCC_541\Debug\lab4.a(USBUART_descr.o)

.debug_weaknames
 *(.debug_weaknames)

.debug_funcnames
 *(.debug_funcnames)

.debug_typenames
 *(.debug_typenames)

.debug_varnames
 *(.debug_varnames)

.note.gnu.arm.ident
 *(.note.gnu.arm.ident)

.ARM.attributes
                0x00000000       0x29
 *(.ARM.attributes)
 .ARM.attributes
                0x00000000       0x1d c:/program files (x86)/cypress/psoc creator/4.4/psoc creator/import/gnu/arm/5.4.1/bin/../lib/gcc/arm-none-eabi/5.4.1/armv7-m/crti.o
 .ARM.attributes
                0x0000001d       0x2d c:/program files (x86)/cypress/psoc creator/4.4/psoc creator/import/gnu/arm/5.4.1/bin/../lib/gcc/arm-none-eabi/5.4.1/armv7-m/crtbegin.o
 .ARM.attributes
                0x0000004a       0x1b c:/program files (x86)/cypress/psoc creator/4.4/psoc creator/import/gnu/arm/5.4.1/bin/../lib/gcc/arm-none-eabi/5.4.1/../../../../arm-none-eabi/lib/armv7-m/crt0.o
 .ARM.attributes
                0x00000065       0x33 .\CortexM3\ARM_GCC_541\Debug\main.o
 .ARM.attributes
                0x00000098       0x33 .\CortexM3\ARM_GCC_541\Debug\cyfitter_cfg.o
 .ARM.attributes
                0x000000cb       0x33 .\CortexM3\ARM_GCC_541\Debug\cymetadata.o
 .ARM.attributes
                0x000000fe       0x33 .\CortexM3\ARM_GCC_541\Debug\Cm3Start.o
 .ARM.attributes
                0x00000131       0x33 .\CortexM3\ARM_GCC_541\Debug\lab4.a(LCD.o)
 .ARM.attributes
                0x00000164       0x33 .\CortexM3\ARM_GCC_541\Debug\lab4.a(CyLib.o)
 .ARM.attributes
                0x00000197       0x33 .\CortexM3\ARM_GCC_541\Debug\lab4.a(cyPm.o)
 .ARM.attributes
                0x000001ca       0x33 .\CortexM3\ARM_GCC_541\Debug\lab4.a(PGA.o)
 .ARM.attributes
                0x000001fd       0x33 .\CortexM3\ARM_GCC_541\Debug\lab4.a(Opamp.o)
 .ARM.attributes
                0x00000230       0x33 .\CortexM3\ARM_GCC_541\Debug\lab4.a(ADC.o)
 .ARM.attributes
                0x00000263       0x33 .\CortexM3\ARM_GCC_541\Debug\lab4.a(ADC_INT.o)
 .ARM.attributes
                0x00000296       0x33 .\CortexM3\ARM_GCC_541\Debug\lab4.a(ADC_Ext_CP_Clk.o)
 .ARM.attributes
                0x000002c9       0x33 .\CortexM3\ARM_GCC_541\Debug\lab4.a(ADC_theACLK.o)
 .ARM.attributes
                0x000002fc       0x33 .\CortexM3\ARM_GCC_541\Debug\lab4.a(USBUART.o)
 .ARM.attributes
                0x0000032f       0x33 .\CortexM3\ARM_GCC_541\Debug\lab4.a(USBUART_cdc.o)
 .ARM.attributes
                0x00000362       0x33 .\CortexM3\ARM_GCC_541\Debug\lab4.a(USBUART_drv.o)
 .ARM.attributes
                0x00000395       0x33 .\CortexM3\ARM_GCC_541\Debug\lab4.a(USBUART_episr.o)
 .ARM.attributes
                0x000003c8       0x33 .\CortexM3\ARM_GCC_541\Debug\lab4.a(USBUART_pm.o)
 .ARM.attributes
                0x000003fb       0x33 .\CortexM3\ARM_GCC_541\Debug\lab4.a(USBUART_std.o)
 .ARM.attributes
                0x0000042e       0x33 .\CortexM3\ARM_GCC_541\Debug\lab4.a(USBUART_vnd.o)
 .ARM.attributes
                0x00000461       0x33 .\CortexM3\ARM_GCC_541\Debug\lab4.a(USBUART_Dp.o)
 .ARM.attributes
                0x00000494       0x33 .\CortexM3\ARM_GCC_541\Debug\lab4.a(VDAC.o)
 .ARM.attributes
                0x000004c7       0x21 .\CortexM3\ARM_GCC_541\Debug\lab4.a(CyBootAsmGnu.o)
 .ARM.attributes
                0x000004e8       0x33 .\CortexM3\ARM_GCC_541\Debug\lab4.a(CyFlash.o)
 .ARM.attributes
                0x0000051b       0x33 .\CortexM3\ARM_GCC_541\Debug\lab4.a(CySpc.o)
 .ARM.attributes
                0x0000054e       0x33 .\CortexM3\ARM_GCC_541\Debug\lab4.a(USBUART_cls.o)
 .ARM.attributes
                0x00000581       0x33 .\CortexM3\ARM_GCC_541\Debug\lab4.a(USBUART_descr.o)
 .ARM.attributes
                0x000005b4       0x1d c:/program files (x86)/cypress/psoc creator/4.4/psoc creator/import/gnu/arm/5.4.1/bin/../lib/gcc/arm-none-eabi/5.4.1/armv7-m\libgcc.a(_arm_addsubdf3.o)
 .ARM.attributes
                0x000005d1       0x1d c:/program files (x86)/cypress/psoc creator/4.4/psoc creator/import/gnu/arm/5.4.1/bin/../lib/gcc/arm-none-eabi/5.4.1/armv7-m\libgcc.a(_arm_cmpdf2.o)
 .ARM.attributes
                0x000005ee       0x1d c:/program files (x86)/cypress/psoc creator/4.4/psoc creator/import/gnu/arm/5.4.1/bin/../lib/gcc/arm-none-eabi/5.4.1/armv7-m\libgcc.a(_arm_addsubsf3.o)
 .ARM.attributes
                0x0000060b       0x1d c:/program files (x86)/cypress/psoc creator/4.4/psoc creator/import/gnu/arm/5.4.1/bin/../lib/gcc/arm-none-eabi/5.4.1/armv7-m\libgcc.a(_arm_muldivsf3.o)
 .ARM.attributes